set 30 18:53:08 nixos kernel: microcode: updated early: 0x5003302 -> 0x5003707, date = 2024-03-01
set 30 18:53:08 nixos kernel: Linux version 6.6.52 (nixbld@localhost) (gcc (GCC) 13.3.0, GNU ld (GNU Binutils) 2.42) #1-NixOS SMP PREEMPT_DYNAMIC Wed Sep 18 17:24:10 UTC 2024
set 30 18:53:08 nixos kernel: Command line: initrd=\EFI\nixos\knn22mpdh182b5374n76srv4ryzmllqm-initrd-linux-6.6.52-initrd.efi init=/nix/store/fcwzd05zibwcbvd7npaka6cg6wddkjnv-nixos-system-nixos-24.11.20240926.1925c60/init loglevel=4 nvidia-drm.modeset=1 nvidia-drm.fbdev=1
set 30 18:53:08 nixos kernel: BIOS-provided physical RAM map:
set 30 18:53:08 nixos kernel: BIOS-e820: [mem 0x0000000000000000-0x0000000000087fff] usable
set 30 18:53:08 nixos kernel: BIOS-e820: [mem 0x0000000000088000-0x0000000000088fff] reserved
set 30 18:53:08 nixos kernel: BIOS-e820: [mem 0x0000000000089000-0x000000000009ffff] usable
set 30 18:53:08 nixos kernel: BIOS-e820: [mem 0x00000000000a0000-0x00000000000fffff] reserved
set 30 18:53:08 nixos kernel: BIOS-e820: [mem 0x0000000000100000-0x000000006bba1fff] usable
set 30 18:53:08 nixos kernel: BIOS-e820: [mem 0x000000006bba2000-0x000000006c084fff] reserved
set 30 18:53:08 nixos kernel: BIOS-e820: [mem 0x000000006c085000-0x000000006cb07fff] ACPI NVS
set 30 18:53:08 nixos kernel: BIOS-e820: [mem 0x000000006cb08000-0x000000006cbebfff] ACPI data
set 30 18:53:08 nixos kernel: BIOS-e820: [mem 0x000000006cbec000-0x000000006fffffff] usable
set 30 18:53:08 nixos kernel: BIOS-e820: [mem 0x0000000070000000-0x000000008fffffff] reserved
set 30 18:53:08 nixos kernel: BIOS-e820: [mem 0x00000000fe010000-0x00000000fe010fff] reserved
set 30 18:53:08 nixos kernel: BIOS-e820: [mem 0x00000000ff000000-0x00000000ffffffff] reserved
set 30 18:53:08 nixos kernel: BIOS-e820: [mem 0x0000000100000000-0x000000107fffffff] usable
set 30 18:53:08 nixos kernel: NX (Execute Disable) protection: active
set 30 18:53:08 nixos kernel: APIC: Static calls initialized
set 30 18:53:08 nixos kernel: e820: update [mem 0x678d2018-0x678f9657] usable ==> usable
set 30 18:53:08 nixos kernel: e820: update [mem 0x678d2018-0x678f9657] usable ==> usable
set 30 18:53:08 nixos kernel: extended physical RAM map:
set 30 18:53:08 nixos kernel: reserve setup_data: [mem 0x0000000000000000-0x0000000000087fff] usable
set 30 18:53:08 nixos kernel: reserve setup_data: [mem 0x0000000000088000-0x0000000000088fff] reserved
set 30 18:53:08 nixos kernel: reserve setup_data: [mem 0x0000000000089000-0x000000000009ffff] usable
set 30 18:53:08 nixos kernel: reserve setup_data: [mem 0x00000000000a0000-0x00000000000fffff] reserved
set 30 18:53:08 nixos kernel: reserve setup_data: [mem 0x0000000000100000-0x00000000678d2017] usable
set 30 18:53:08 nixos kernel: reserve setup_data: [mem 0x00000000678d2018-0x00000000678f9657] usable
set 30 18:53:08 nixos kernel: reserve setup_data: [mem 0x00000000678f9658-0x000000006bba1fff] usable
set 30 18:53:08 nixos kernel: reserve setup_data: [mem 0x000000006bba2000-0x000000006c084fff] reserved
set 30 18:53:08 nixos kernel: reserve setup_data: [mem 0x000000006c085000-0x000000006cb07fff] ACPI NVS
set 30 18:53:08 nixos kernel: reserve setup_data: [mem 0x000000006cb08000-0x000000006cbebfff] ACPI data
set 30 18:53:08 nixos kernel: reserve setup_data: [mem 0x000000006cbec000-0x000000006fffffff] usable
set 30 18:53:08 nixos kernel: reserve setup_data: [mem 0x0000000070000000-0x000000008fffffff] reserved
set 30 18:53:08 nixos kernel: reserve setup_data: [mem 0x00000000fe010000-0x00000000fe010fff] reserved
set 30 18:53:08 nixos kernel: reserve setup_data: [mem 0x00000000ff000000-0x00000000ffffffff] reserved
set 30 18:53:08 nixos kernel: reserve setup_data: [mem 0x0000000100000000-0x000000107fffffff] usable
set 30 18:53:08 nixos kernel: efi: EFI v2.6 by HP
set 30 18:53:08 nixos kernel: efi: SMBIOS=0x6bc7f000 SMBIOS 3.0=0x6bc7d000 ACPI=0x6cbeb000 ACPI 2.0=0x6cbeb014 TPMFinalLog=0x6cabc000 MEMATTR=0x6a803998 ESRT=0x68dd7ed8 RNG=0x6cb32018 INITRD=0x679048d8 TPMEventLog=0x678fb018 
set 30 18:53:08 nixos kernel: random: crng init done
set 30 18:53:08 nixos kernel: efi: Remove mem90: MMIO range=[0x80000000-0x8fffffff] (256MB) from e820 map
set 30 18:53:08 nixos kernel: e820: remove [mem 0x80000000-0x8fffffff] reserved
set 30 18:53:08 nixos kernel: efi: Not removing mem91: MMIO range=[0xfe010000-0xfe010fff] (4KB) from e820 map
set 30 18:53:08 nixos kernel: efi: Remove mem92: MMIO range=[0xff000000-0xffffffff] (16MB) from e820 map
set 30 18:53:08 nixos kernel: e820: remove [mem 0xff000000-0xffffffff] reserved
set 30 18:53:08 nixos kernel: SMBIOS 3.2.0 present.
set 30 18:53:08 nixos kernel: DMI: HP HP Z4 G4 Workstation/81C5, BIOS P61 v02.86 10/13/2022
set 30 18:53:08 nixos kernel: tsc: Detected 4100.000 MHz processor
set 30 18:53:08 nixos kernel: tsc: Detected 4099.896 MHz TSC
set 30 18:53:08 nixos kernel: e820: update [mem 0x00000000-0x00000fff] usable ==> reserved
set 30 18:53:08 nixos kernel: e820: remove [mem 0x000a0000-0x000fffff] usable
set 30 18:53:08 nixos kernel: last_pfn = 0x1080000 max_arch_pfn = 0x400000000
set 30 18:53:08 nixos kernel: MTRR map: 7 entries (2 fixed + 5 variable; max 22), built from 10 variable MTRRs
set 30 18:53:08 nixos kernel: x86/PAT: Configuration [0-7]: WB  WC  UC- UC  WB  WP  UC- WT  
set 30 18:53:08 nixos kernel: e820: update [mem 0x70000000-0x73ffffff] usable ==> reserved
set 30 18:53:08 nixos kernel: e820: update [mem 0x80000000-0xffffffff] usable ==> reserved
set 30 18:53:08 nixos kernel: last_pfn = 0x70000 max_arch_pfn = 0x400000000
set 30 18:53:08 nixos kernel: esrt: Reserving ESRT space from 0x0000000068dd7ed8 to 0x0000000068dd7f10.
set 30 18:53:08 nixos kernel: e820: update [mem 0x68dd7000-0x68dd7fff] usable ==> reserved
set 30 18:53:08 nixos kernel: Using GB pages for direct mapping
set 30 18:53:08 nixos kernel: Secure boot disabled
set 30 18:53:08 nixos kernel: RAMDISK: [mem 0x62ed8000-0x64120fff]
set 30 18:53:08 nixos kernel: ACPI: Early table checksum verification disabled
set 30 18:53:08 nixos kernel: ACPI: RSDP 0x000000006CBEB014 000024 (v02 HPQOEM)
set 30 18:53:08 nixos kernel: ACPI: XSDT 0x000000006CBD4188 00013C (v01 HPQOEM SLIC-BPC 00000000      01000013)
set 30 18:53:08 nixos kernel: ACPI: FACP 0x000000006CBE2000 000114 (v06 HPQOEM SLIC-BPC 00000000 HP   00000001)
set 30 18:53:08 nixos kernel: ACPI: DSDT 0x000000006CB88000 04B384 (v02 HPQOEM SLIC-WKS 00000003 INTL 20091013)
set 30 18:53:08 nixos kernel: ACPI: FACS 0x000000006CAA1000 000040
set 30 18:53:08 nixos kernel: ACPI: SSDT 0x000000006CBE7000 002595 (v01 HPQOEM Plat_Wmi 00000001 INTL 20160527)
set 30 18:53:08 nixos kernel: ACPI: UEFI 0x000000006CAB6000 00005C (v01 INTEL  RstUefiV 00000000      00000000)
set 30 18:53:08 nixos kernel: ACPI: UEFI 0x000000006CAB3000 000042 (v01 HPQOEM SLIC-WKS 00000002      01000013)
set 30 18:53:08 nixos kernel: ACPI: SSDT 0x000000006CBE6000 0003B3 (v02 HPQOEM Tpm2Tabl 00001000 INTL 20160527)
set 30 18:53:08 nixos kernel: ACPI: TPM2 0x000000006CBE5000 000034 (v03 HPQOEM SLIC-WKS 00000002      01000013)
set 30 18:53:08 nixos kernel: ACPI: CELI 0x000000006CBE4000 000028 (v03 HPQOEM SLIC-WKS 00000002      01000013)
set 30 18:53:08 nixos kernel: ACPI: BOOT 0x000000006CBE3000 000028 (v01 INTEL  TIANO    00000002 MSFT 01000013)
set 30 18:53:08 nixos kernel: ACPI: MSDM 0x000000006CBE1000 000055 (v03 HPQOEM SLIC-WKS 00000000 INTL 20091013)
set 30 18:53:08 nixos kernel: ACPI: WSMT 0x000000006CBE0000 000028 (v01 HPQOEM SLIC-WKS 00000001 INTL 20091013)
set 30 18:53:08 nixos kernel: ACPI: HPET 0x000000006CBDF000 000038 (v01 HPQOEM SLIC-WKS 00000001 INTL 20091013)
set 30 18:53:08 nixos kernel: ACPI: APIC 0x000000006CBDE000 00071E (v03 HPQOEM SLIC-WKS 00000000 INTL 20091013)
set 30 18:53:08 nixos kernel: ACPI: MCFG 0x000000006CBDD000 00003C (v01 HPQOEM SLIC-WKS 00000001 INTL 20091013)
set 30 18:53:08 nixos kernel: ACPI: MIGT 0x000000006CBDC000 000040 (v01 HPQOEM SLIC-WKS 00000000 INTL 20091013)
set 30 18:53:08 nixos kernel: ACPI: MSCT 0x000000006CBDB000 00004E (v01 HPQOEM SLIC-WKS 00000001 INTL 20091013)
set 30 18:53:08 nixos kernel: ACPI: PCCT 0x000000006CBDA000 00006E (v01 HPQOEM SLIC-WKS 00000002 INTL 20091013)
set 30 18:53:08 nixos kernel: ACPI: RASF 0x000000006CBD9000 000030 (v01 HPQOEM SLIC-WKS 00000001 INTL 20091013)
set 30 18:53:08 nixos kernel: ACPI: SLIT 0x000000006CBD8000 00006C (v01 HPQOEM SLIC-WKS 00000001 INTL 20091013)
set 30 18:53:08 nixos kernel: ACPI: SRAT 0x000000006CBD7000 000B70 (v03 HPQOEM SLIC-WKS 00000002 INTL 20091013)
set 30 18:53:08 nixos kernel: ACPI: SVOS 0x000000006CBD6000 000032 (v01 HPQOEM SLIC-WKS 00000000 INTL 20091013)
set 30 18:53:08 nixos kernel: ACPI: WDDT 0x000000006CBD5000 000040 (v01 HPQOEM SLIC-WKS 00000000 INTL 20091013)
set 30 18:53:08 nixos kernel: ACPI: OEM4 0x000000006CB5F000 028A0C (v02 HPQOEM CPU  CST 00003000 INTL 20140828)
set 30 18:53:08 nixos kernel: ACPI: OEM1 0x000000006CB54000 00A46C (v02 HPQOEM CPU EIST 00003000 INTL 20140828)
set 30 18:53:08 nixos kernel: ACPI: OEM2 0x000000006CB48000 00BABC (v02 HPQOEM CPU  HWP 00003000 INTL 20140828)
set 30 18:53:08 nixos kernel: ACPI: SSDT 0x000000006CB3B000 00CF61 (v02 HPQOEM SSDT  PM 00004000 INTL 20140828)
set 30 18:53:08 nixos kernel: ACPI: SSDT 0x000000006CBEA000 000A80 (v02 HPQOEM SLIC-WKS 00000000 INTL 20091013)
set 30 18:53:08 nixos kernel: ACPI: SSDT 0x000000006CB3A000 000069 (v01 HP     HPCAHWID 00001000 INTL 20160527)
set 30 18:53:08 nixos kernel: ACPI: UEFI 0x000000006C29F000 00005C (v01 INTEL  RstSataV 00000000      00000000)
set 30 18:53:08 nixos kernel: ACPI: HEST 0x000000006CB39000 000028 (v01 HPQOEM SLIC-WKS 00000001 INTL 00000001)
set 30 18:53:08 nixos kernel: ACPI: BERT 0x000000006CB38000 000030 (v01 HPQOEM SLIC-WKS 00000001 INTL 00000001)
set 30 18:53:08 nixos kernel: ACPI: ERST 0x000000006CB37000 000230 (v01 HPQOEM SLIC-WKS 00000001 INTL 00000001)
set 30 18:53:08 nixos kernel: ACPI: EINJ 0x000000006CB36000 000150 (v01 HPQOEM SLIC-WKS 00000001 INTL 00000001)
set 30 18:53:08 nixos kernel: ACPI: SPCR 0x000000006CB35000 000050 (v01                 00000000      00000000)
set 30 18:53:08 nixos kernel: ACPI: DMAR 0x000000006CB34000 000118 (v01 HPQOEM SLIC-WKS 00000001 INTL 20091013)
set 30 18:53:08 nixos kernel: ACPI: BGRT 0x000000006CB33000 000038 (v01 HPQOEM SLIC-WKS 00000002      01000013)
set 30 18:53:08 nixos kernel: ACPI: Reserving FACP table memory at [mem 0x6cbe2000-0x6cbe2113]
set 30 18:53:08 nixos kernel: ACPI: Reserving DSDT table memory at [mem 0x6cb88000-0x6cbd3383]
set 30 18:53:08 nixos kernel: ACPI: Reserving FACS table memory at [mem 0x6caa1000-0x6caa103f]
set 30 18:53:08 nixos kernel: ACPI: Reserving SSDT table memory at [mem 0x6cbe7000-0x6cbe9594]
set 30 18:53:08 nixos kernel: ACPI: Reserving UEFI table memory at [mem 0x6cab6000-0x6cab605b]
set 30 18:53:08 nixos kernel: ACPI: Reserving UEFI table memory at [mem 0x6cab3000-0x6cab3041]
set 30 18:53:08 nixos kernel: ACPI: Reserving SSDT table memory at [mem 0x6cbe6000-0x6cbe63b2]
set 30 18:53:08 nixos kernel: ACPI: Reserving TPM2 table memory at [mem 0x6cbe5000-0x6cbe5033]
set 30 18:53:08 nixos kernel: ACPI: Reserving CELI table memory at [mem 0x6cbe4000-0x6cbe4027]
set 30 18:53:08 nixos kernel: ACPI: Reserving BOOT table memory at [mem 0x6cbe3000-0x6cbe3027]
set 30 18:53:08 nixos kernel: ACPI: Reserving MSDM table memory at [mem 0x6cbe1000-0x6cbe1054]
set 30 18:53:08 nixos kernel: ACPI: Reserving WSMT table memory at [mem 0x6cbe0000-0x6cbe0027]
set 30 18:53:08 nixos kernel: ACPI: Reserving HPET table memory at [mem 0x6cbdf000-0x6cbdf037]
set 30 18:53:08 nixos kernel: ACPI: Reserving APIC table memory at [mem 0x6cbde000-0x6cbde71d]
set 30 18:53:08 nixos kernel: ACPI: Reserving MCFG table memory at [mem 0x6cbdd000-0x6cbdd03b]
set 30 18:53:08 nixos kernel: ACPI: Reserving MIGT table memory at [mem 0x6cbdc000-0x6cbdc03f]
set 30 18:53:08 nixos kernel: ACPI: Reserving MSCT table memory at [mem 0x6cbdb000-0x6cbdb04d]
set 30 18:53:08 nixos kernel: ACPI: Reserving PCCT table memory at [mem 0x6cbda000-0x6cbda06d]
set 30 18:53:08 nixos kernel: ACPI: Reserving RASF table memory at [mem 0x6cbd9000-0x6cbd902f]
set 30 18:53:08 nixos kernel: ACPI: Reserving SLIT table memory at [mem 0x6cbd8000-0x6cbd806b]
set 30 18:53:08 nixos kernel: ACPI: Reserving SRAT table memory at [mem 0x6cbd7000-0x6cbd7b6f]
set 30 18:53:08 nixos kernel: ACPI: Reserving SVOS table memory at [mem 0x6cbd6000-0x6cbd6031]
set 30 18:53:08 nixos kernel: ACPI: Reserving WDDT table memory at [mem 0x6cbd5000-0x6cbd503f]
set 30 18:53:08 nixos kernel: ACPI: Reserving OEM4 table memory at [mem 0x6cb5f000-0x6cb87a0b]
set 30 18:53:08 nixos kernel: ACPI: Reserving OEM1 table memory at [mem 0x6cb54000-0x6cb5e46b]
set 30 18:53:08 nixos kernel: ACPI: Reserving OEM2 table memory at [mem 0x6cb48000-0x6cb53abb]
set 30 18:53:08 nixos kernel: ACPI: Reserving SSDT table memory at [mem 0x6cb3b000-0x6cb47f60]
set 30 18:53:08 nixos kernel: ACPI: Reserving SSDT table memory at [mem 0x6cbea000-0x6cbeaa7f]
set 30 18:53:08 nixos kernel: ACPI: Reserving SSDT table memory at [mem 0x6cb3a000-0x6cb3a068]
set 30 18:53:08 nixos kernel: ACPI: Reserving UEFI table memory at [mem 0x6c29f000-0x6c29f05b]
set 30 18:53:08 nixos kernel: ACPI: Reserving HEST table memory at [mem 0x6cb39000-0x6cb39027]
set 30 18:53:08 nixos kernel: ACPI: Reserving BERT table memory at [mem 0x6cb38000-0x6cb3802f]
set 30 18:53:08 nixos kernel: ACPI: Reserving ERST table memory at [mem 0x6cb37000-0x6cb3722f]
set 30 18:53:08 nixos kernel: ACPI: Reserving EINJ table memory at [mem 0x6cb36000-0x6cb3614f]
set 30 18:53:08 nixos kernel: ACPI: Reserving SPCR table memory at [mem 0x6cb35000-0x6cb3504f]
set 30 18:53:08 nixos kernel: ACPI: Reserving DMAR table memory at [mem 0x6cb34000-0x6cb34117]
set 30 18:53:08 nixos kernel: ACPI: Reserving BGRT table memory at [mem 0x6cb33000-0x6cb33037]
set 30 18:53:08 nixos kernel: SRAT: PXM 0 -> APIC 0x00 -> Node 0
set 30 18:53:08 nixos kernel: SRAT: PXM 0 -> APIC 0x04 -> Node 0
set 30 18:53:08 nixos kernel: SRAT: PXM 0 -> APIC 0x06 -> Node 0
set 30 18:53:08 nixos kernel: SRAT: PXM 0 -> APIC 0x08 -> Node 0
set 30 18:53:08 nixos kernel: SRAT: PXM 0 -> APIC 0x01 -> Node 0
set 30 18:53:08 nixos kernel: SRAT: PXM 0 -> APIC 0x05 -> Node 0
set 30 18:53:08 nixos kernel: SRAT: PXM 0 -> APIC 0x07 -> Node 0
set 30 18:53:08 nixos kernel: SRAT: PXM 0 -> APIC 0x09 -> Node 0
set 30 18:53:08 nixos kernel: ACPI: SRAT: Node 0 PXM 0 [mem 0x00000000-0x7fffffff]
set 30 18:53:08 nixos kernel: ACPI: SRAT: Node 0 PXM 0 [mem 0x100000000-0x107fffffff]
set 30 18:53:08 nixos kernel: NUMA: Initialized distance table, cnt=1
set 30 18:53:08 nixos kernel: NUMA: Node 0 [mem 0x00000000-0x7fffffff] + [mem 0x100000000-0x107fffffff] -> [mem 0x00000000-0x107fffffff]
set 30 18:53:08 nixos kernel: NODE_DATA(0) allocated [mem 0x107fff9000-0x107fffefff]
set 30 18:53:08 nixos kernel: Zone ranges:
set 30 18:53:08 nixos kernel:   DMA      [mem 0x0000000000001000-0x0000000000ffffff]
set 30 18:53:08 nixos kernel:   DMA32    [mem 0x0000000001000000-0x00000000ffffffff]
set 30 18:53:08 nixos kernel:   Normal   [mem 0x0000000100000000-0x000000107fffffff]
set 30 18:53:08 nixos kernel:   Device   empty
set 30 18:53:08 nixos kernel: Movable zone start for each node
set 30 18:53:08 nixos kernel: Early memory node ranges
set 30 18:53:08 nixos kernel:   node   0: [mem 0x0000000000001000-0x0000000000087fff]
set 30 18:53:08 nixos kernel:   node   0: [mem 0x0000000000089000-0x000000000009ffff]
set 30 18:53:08 nixos kernel:   node   0: [mem 0x0000000000100000-0x000000006bba1fff]
set 30 18:53:08 nixos kernel:   node   0: [mem 0x000000006cbec000-0x000000006fffffff]
set 30 18:53:08 nixos kernel:   node   0: [mem 0x0000000100000000-0x000000107fffffff]
set 30 18:53:08 nixos kernel: Initmem setup node 0 [mem 0x0000000000001000-0x000000107fffffff]
set 30 18:53:08 nixos kernel: On node 0, zone DMA: 1 pages in unavailable ranges
set 30 18:53:08 nixos kernel: On node 0, zone DMA: 1 pages in unavailable ranges
set 30 18:53:08 nixos kernel: On node 0, zone DMA: 96 pages in unavailable ranges
set 30 18:53:08 nixos kernel: On node 0, zone DMA32: 4170 pages in unavailable ranges
set 30 18:53:08 nixos kernel: ACPI: PM-Timer IO Port: 0x508
set 30 18:53:08 nixos kernel: ACPI: X2APIC_NMI (uid[0xffffffff] high level lint[0x1])
set 30 18:53:08 nixos kernel: ACPI: LAPIC_NMI (acpi_id[0xff] high level lint[0x1])
set 30 18:53:08 nixos kernel: IOAPIC[0]: apic_id 8, version 32, address 0xfec00000, GSI 0-23
set 30 18:53:08 nixos kernel: IOAPIC[1]: apic_id 9, version 32, address 0xfec01000, GSI 24-31
set 30 18:53:08 nixos kernel: IOAPIC[2]: apic_id 10, version 32, address 0xfec08000, GSI 32-39
set 30 18:53:08 nixos kernel: IOAPIC[3]: apic_id 11, version 32, address 0xfec10000, GSI 40-47
set 30 18:53:08 nixos kernel: IOAPIC[4]: apic_id 12, version 32, address 0xfec18000, GSI 48-55
set 30 18:53:08 nixos kernel: ACPI: INT_SRC_OVR (bus 0 bus_irq 0 global_irq 2 dfl dfl)
set 30 18:53:08 nixos kernel: ACPI: INT_SRC_OVR (bus 0 bus_irq 9 global_irq 9 high level)
set 30 18:53:08 nixos kernel: ACPI: Using ACPI (MADT) for SMP configuration information
set 30 18:53:08 nixos kernel: ACPI: HPET id: 0x8086a701 base: 0xfed00000
set 30 18:53:08 nixos kernel: e820: update [mem 0x6a4c5000-0x6a50dfff] usable ==> reserved
set 30 18:53:08 nixos kernel: ACPI: SPCR: SPCR table version 1
set 30 18:53:08 nixos kernel: ACPI: SPCR: console: uart,io,0x0,115200
set 30 18:53:08 nixos kernel: TSC deadline timer available
set 30 18:53:08 nixos kernel: smpboot: Allowing 8 CPUs, 0 hotplug CPUs
set 30 18:53:08 nixos kernel: PM: hibernation: Registered nosave memory: [mem 0x00000000-0x00000fff]
set 30 18:53:08 nixos kernel: PM: hibernation: Registered nosave memory: [mem 0x00088000-0x00088fff]
set 30 18:53:08 nixos kernel: PM: hibernation: Registered nosave memory: [mem 0x000a0000-0x000fffff]
set 30 18:53:08 nixos kernel: PM: hibernation: Registered nosave memory: [mem 0x678d2000-0x678d2fff]
set 30 18:53:08 nixos kernel: PM: hibernation: Registered nosave memory: [mem 0x678f9000-0x678f9fff]
set 30 18:53:08 nixos kernel: PM: hibernation: Registered nosave memory: [mem 0x68dd7000-0x68dd7fff]
set 30 18:53:08 nixos kernel: PM: hibernation: Registered nosave memory: [mem 0x6a4c5000-0x6a50dfff]
set 30 18:53:08 nixos kernel: PM: hibernation: Registered nosave memory: [mem 0x6bba2000-0x6c084fff]
set 30 18:53:08 nixos kernel: PM: hibernation: Registered nosave memory: [mem 0x6c085000-0x6cb07fff]
set 30 18:53:08 nixos kernel: PM: hibernation: Registered nosave memory: [mem 0x6cb08000-0x6cbebfff]
set 30 18:53:08 nixos kernel: PM: hibernation: Registered nosave memory: [mem 0x70000000-0x7fffffff]
set 30 18:53:08 nixos kernel: PM: hibernation: Registered nosave memory: [mem 0x80000000-0xfe00ffff]
set 30 18:53:08 nixos kernel: PM: hibernation: Registered nosave memory: [mem 0xfe010000-0xfe010fff]
set 30 18:53:08 nixos kernel: PM: hibernation: Registered nosave memory: [mem 0xfe011000-0xffffffff]
set 30 18:53:08 nixos kernel: [mem 0x80000000-0xfe00ffff] available for PCI devices
set 30 18:53:08 nixos kernel: Booting paravirtualized kernel on bare hardware
set 30 18:53:08 nixos kernel: clocksource: refined-jiffies: mask: 0xffffffff max_cycles: 0xffffffff, max_idle_ns: 1910969940391419 ns
set 30 18:53:08 nixos kernel: setup_percpu: NR_CPUS:384 nr_cpumask_bits:8 nr_cpu_ids:8 nr_node_ids:1
set 30 18:53:08 nixos kernel: percpu: Embedded 84 pages/cpu s221184 r8192 d114688 u524288
set 30 18:53:08 nixos kernel: pcpu-alloc: s221184 r8192 d114688 u524288 alloc=1*2097152
set 30 18:53:08 nixos kernel: pcpu-alloc: [0] 0 1 2 3 [0] 4 5 6 7 
set 30 18:53:08 nixos kernel: Kernel command line: initrd=\EFI\nixos\knn22mpdh182b5374n76srv4ryzmllqm-initrd-linux-6.6.52-initrd.efi init=/nix/store/fcwzd05zibwcbvd7npaka6cg6wddkjnv-nixos-system-nixos-24.11.20240926.1925c60/init loglevel=4 nvidia-drm.modeset=1 nvidia-drm.fbdev=1
set 30 18:53:08 nixos kernel: Dentry cache hash table entries: 8388608 (order: 14, 67108864 bytes, linear)
set 30 18:53:08 nixos kernel: Inode-cache hash table entries: 4194304 (order: 13, 33554432 bytes, linear)
set 30 18:53:08 nixos kernel: Fallback order for Node 0: 0 
set 30 18:53:08 nixos kernel: Built 1 zonelists, mobility grouping on.  Total pages: 16446199
set 30 18:53:08 nixos kernel: Policy zone: Normal
set 30 18:53:08 nixos kernel: mem auto-init: stack:all(zero), heap alloc:on, heap free:off
set 30 18:53:08 nixos kernel: software IO TLB: area num 8.
set 30 18:53:08 nixos kernel: Memory: 65432484K/66829648K available (16384K kernel code, 2366K rwdata, 10848K rodata, 3112K init, 4492K bss, 1396908K reserved, 0K cma-reserved)
set 30 18:53:08 nixos kernel: SLUB: HWalign=64, Order=0-3, MinObjects=0, CPUs=8, Nodes=1
set 30 18:53:08 nixos kernel: ftrace: allocating 42856 entries in 168 pages
set 30 18:53:08 nixos kernel: ftrace: allocated 168 pages with 3 groups
set 30 18:53:08 nixos kernel: Dynamic Preempt: voluntary
set 30 18:53:08 nixos kernel: rcu: Preemptible hierarchical RCU implementation.
set 30 18:53:08 nixos kernel: rcu:         RCU event tracing is enabled.
set 30 18:53:08 nixos kernel: rcu:         RCU restricting CPUs from NR_CPUS=384 to nr_cpu_ids=8.
set 30 18:53:08 nixos kernel:         Trampoline variant of Tasks RCU enabled.
set 30 18:53:08 nixos kernel:         Rude variant of Tasks RCU enabled.
set 30 18:53:08 nixos kernel:         Tracing variant of Tasks RCU enabled.
set 30 18:53:08 nixos kernel: rcu: RCU calculated value of scheduler-enlistment delay is 100 jiffies.
set 30 18:53:08 nixos kernel: rcu: Adjusting geometry for rcu_fanout_leaf=16, nr_cpu_ids=8
set 30 18:53:08 nixos kernel: NR_IRQS: 24832, nr_irqs: 1032, preallocated irqs: 16
set 30 18:53:08 nixos kernel: rcu: srcu_init: Setting srcu_struct sizes based on contention.
set 30 18:53:08 nixos kernel: kfence: initialized - using 2097152 bytes for 255 objects at 0x(____ptrval____)-0x(____ptrval____)
set 30 18:53:08 nixos kernel: Console: colour dummy device 80x25
set 30 18:53:08 nixos kernel: printk: console [tty0] enabled
set 30 18:53:08 nixos kernel: ACPI: Core revision 20230628
set 30 18:53:08 nixos kernel: clocksource: hpet: mask: 0xffffffff max_cycles: 0xffffffff, max_idle_ns: 79635855245 ns
set 30 18:53:08 nixos kernel: APIC: Switch to symmetric I/O mode setup
set 30 18:53:08 nixos kernel: DMAR: Host address width 46
set 30 18:53:08 nixos kernel: DMAR: DRHD base: 0x000000907fc000 flags: 0x0
set 30 18:53:08 nixos kernel: DMAR: dmar0: reg_base_addr 907fc000 ver 1:0 cap 8d2078c106f0466 ecap f020df
set 30 18:53:08 nixos kernel: DMAR: DRHD base: 0x000000b3bfc000 flags: 0x0
set 30 18:53:08 nixos kernel: DMAR: dmar1: reg_base_addr b3bfc000 ver 1:0 cap 8d2078c106f0466 ecap f020df
set 30 18:53:08 nixos kernel: DMAR: DRHD base: 0x000000fbffc000 flags: 0x0
set 30 18:53:08 nixos kernel: DMAR: dmar2: reg_base_addr fbffc000 ver 1:0 cap 8d2078c106f0466 ecap f020df
set 30 18:53:08 nixos kernel: DMAR: DRHD base: 0x000000903fc000 flags: 0x1
set 30 18:53:08 nixos kernel: DMAR: dmar3: reg_base_addr 903fc000 ver 1:0 cap 8d2078c106f0466 ecap f020df
set 30 18:53:08 nixos kernel: DMAR: RMRR base: 0x0000006c29c000 end: 0x0000006c29efff
set 30 18:53:08 nixos kernel: DMAR: ATSR flags: 0x0
set 30 18:53:08 nixos kernel: DMAR-IR: IOAPIC id 12 under DRHD base  0xfbffc000 IOMMU 2
set 30 18:53:08 nixos kernel: DMAR-IR: IOAPIC id 11 under DRHD base  0xb3bfc000 IOMMU 1
set 30 18:53:08 nixos kernel: DMAR-IR: IOAPIC id 10 under DRHD base  0x907fc000 IOMMU 0
set 30 18:53:08 nixos kernel: DMAR-IR: IOAPIC id 8 under DRHD base  0x903fc000 IOMMU 3
set 30 18:53:08 nixos kernel: DMAR-IR: IOAPIC id 9 under DRHD base  0x903fc000 IOMMU 3
set 30 18:53:08 nixos kernel: DMAR-IR: HPET id 0 under DRHD base 0x903fc000
set 30 18:53:08 nixos kernel: DMAR-IR: Queued invalidation will be enabled to support x2apic and Intr-remapping.
set 30 18:53:08 nixos kernel: DMAR-IR: Enabled IRQ remapping in x2apic mode
set 30 18:53:08 nixos kernel: x2apic enabled
set 30 18:53:08 nixos kernel: APIC: Switched APIC routing to: cluster x2apic
set 30 18:53:08 nixos kernel: ..TIMER: vector=0x30 apic1=0 pin1=2 apic2=-1 pin2=-1
set 30 18:53:08 nixos kernel: clocksource: tsc-early: mask: 0xffffffffffffffff max_cycles: 0x3b18fcc839e, max_idle_ns: 440795394032 ns
set 30 18:53:08 nixos kernel: Calibrating delay loop (skipped), value calculated using timer frequency.. 8199.79 BogoMIPS (lpj=4099896)
set 30 18:53:08 nixos kernel: CPU0: Thermal monitoring enabled (TM1)
set 30 18:53:08 nixos kernel: process: using mwait in idle threads
set 30 18:53:08 nixos kernel: Last level iTLB entries: 4KB 64, 2MB 8, 4MB 8
set 30 18:53:08 nixos kernel: Last level dTLB entries: 4KB 64, 2MB 0, 4MB 0, 1GB 4
set 30 18:53:08 nixos kernel: Spectre V1 : Mitigation: usercopy/swapgs barriers and __user pointer sanitization
set 30 18:53:08 nixos kernel: Spectre V2 : Spectre BHI mitigation: SW BHB clearing on vm exit
set 30 18:53:08 nixos kernel: Spectre V2 : Spectre BHI mitigation: SW BHB clearing on syscall
set 30 18:53:08 nixos kernel: Spectre V2 : Mitigation: Enhanced / Automatic IBRS
set 30 18:53:08 nixos kernel: Spectre V2 : Spectre v2 / SpectreRSB mitigation: Filling RSB on context switch
set 30 18:53:08 nixos kernel: Spectre V2 : Spectre v2 / PBRSB-eIBRS: Retire a single CALL on VMEXIT
set 30 18:53:08 nixos kernel: RETBleed: Mitigation: Enhanced IBRS
set 30 18:53:08 nixos kernel: Spectre V2 : mitigation: Enabling conditional Indirect Branch Prediction Barrier
set 30 18:53:08 nixos kernel: Speculative Store Bypass: Mitigation: Speculative Store Bypass disabled via prctl
set 30 18:53:08 nixos kernel: TAA: Mitigation: TSX disabled
set 30 18:53:08 nixos kernel: MMIO Stale Data: Mitigation: Clear CPU buffers
set 30 18:53:08 nixos kernel: GDS: Mitigation: Microcode
set 30 18:53:08 nixos kernel: x86/fpu: Supporting XSAVE feature 0x001: 'x87 floating point registers'
set 30 18:53:08 nixos kernel: x86/fpu: Supporting XSAVE feature 0x002: 'SSE registers'
set 30 18:53:08 nixos kernel: x86/fpu: Supporting XSAVE feature 0x004: 'AVX registers'
set 30 18:53:08 nixos kernel: x86/fpu: Supporting XSAVE feature 0x008: 'MPX bounds registers'
set 30 18:53:08 nixos kernel: x86/fpu: Supporting XSAVE feature 0x010: 'MPX CSR'
set 30 18:53:08 nixos kernel: x86/fpu: Supporting XSAVE feature 0x020: 'AVX-512 opmask'
set 30 18:53:08 nixos kernel: x86/fpu: Supporting XSAVE feature 0x040: 'AVX-512 Hi256'
set 30 18:53:08 nixos kernel: x86/fpu: Supporting XSAVE feature 0x080: 'AVX-512 ZMM_Hi256'
set 30 18:53:08 nixos kernel: x86/fpu: xstate_offset[2]:  576, xstate_sizes[2]:  256
set 30 18:53:08 nixos kernel: x86/fpu: xstate_offset[3]:  832, xstate_sizes[3]:   64
set 30 18:53:08 nixos kernel: x86/fpu: xstate_offset[4]:  896, xstate_sizes[4]:   64
set 30 18:53:08 nixos kernel: x86/fpu: xstate_offset[5]:  960, xstate_sizes[5]:   64
set 30 18:53:08 nixos kernel: x86/fpu: xstate_offset[6]: 1024, xstate_sizes[6]:  512
set 30 18:53:08 nixos kernel: x86/fpu: xstate_offset[7]: 1536, xstate_sizes[7]: 1024
set 30 18:53:08 nixos kernel: x86/fpu: Enabled xstate features 0xff, context size is 2560 bytes, using 'compacted' format.
set 30 18:53:08 nixos kernel: Freeing SMP alternatives memory: 36K
set 30 18:53:08 nixos kernel: pid_max: default: 32768 minimum: 301
set 30 18:53:08 nixos kernel: LSM: initializing lsm=capability,landlock,yama,selinux,bpf,integrity
set 30 18:53:08 nixos kernel: landlock: Up and running.
set 30 18:53:08 nixos kernel: Yama: becoming mindful.
set 30 18:53:08 nixos kernel: SELinux:  Initializing.
set 30 18:53:08 nixos kernel: LSM support for eBPF active
set 30 18:53:08 nixos kernel: Mount-cache hash table entries: 131072 (order: 8, 1048576 bytes, linear)
set 30 18:53:08 nixos kernel: Mountpoint-cache hash table entries: 131072 (order: 8, 1048576 bytes, linear)
set 30 18:53:08 nixos kernel: smpboot: CPU0: Intel(R) Xeon(R) W-2225 CPU @ 4.10GHz (family: 0x6, model: 0x55, stepping: 0x7)
set 30 18:53:08 nixos kernel: RCU Tasks: Setting shift to 3 and lim to 1 rcu_task_cb_adjust=1.
set 30 18:53:08 nixos kernel: RCU Tasks Rude: Setting shift to 3 and lim to 1 rcu_task_cb_adjust=1.
set 30 18:53:08 nixos kernel: RCU Tasks Trace: Setting shift to 3 and lim to 1 rcu_task_cb_adjust=1.
set 30 18:53:08 nixos kernel: Performance Events: PEBS fmt3+, Skylake events, 32-deep LBR, full-width counters, Intel PMU driver.
set 30 18:53:08 nixos kernel: ... version:                4
set 30 18:53:08 nixos kernel: ... bit width:              48
set 30 18:53:08 nixos kernel: ... generic registers:      4
set 30 18:53:08 nixos kernel: ... value mask:             0000ffffffffffff
set 30 18:53:08 nixos kernel: ... max period:             00007fffffffffff
set 30 18:53:08 nixos kernel: ... fixed-purpose events:   3
set 30 18:53:08 nixos kernel: ... event mask:             000000070000000f
set 30 18:53:08 nixos kernel: signal: max sigframe size: 3632
set 30 18:53:08 nixos kernel: Estimated ratio of average max frequency by base frequency (times 1024): 1123
set 30 18:53:08 nixos kernel: rcu: Hierarchical SRCU implementation.
set 30 18:53:08 nixos kernel: rcu:         Max phase no-delay instances is 400.
set 30 18:53:08 nixos kernel: NMI watchdog: Enabled. Permanently consumes one hw-PMU counter.
set 30 18:53:08 nixos kernel: smp: Bringing up secondary CPUs ...
set 30 18:53:08 nixos kernel: smpboot: x86: Booting SMP configuration:
set 30 18:53:08 nixos kernel: .... node  #0, CPUs:      #1 #2 #3 #4 #5 #6 #7
set 30 18:53:08 nixos kernel: MMIO Stale Data CPU bug present and SMT on, data leak possible. See https://www.kernel.org/doc/html/latest/admin-guide/hw-vuln/processor_mmio_stale_data.html for more details.
set 30 18:53:08 nixos kernel: smp: Brought up 1 node, 8 CPUs
set 30 18:53:08 nixos kernel: smpboot: Max logical packages: 1
set 30 18:53:08 nixos kernel: smpboot: Total of 8 processors activated (65598.33 BogoMIPS)
set 30 18:53:08 nixos kernel: devtmpfs: initialized
set 30 18:53:08 nixos kernel: x86/mm: Memory block size: 2048MB
set 30 18:53:08 nixos kernel: ACPI: PM: Registering ACPI NVS region [mem 0x6c085000-0x6cb07fff] (11022336 bytes)
set 30 18:53:08 nixos kernel: clocksource: jiffies: mask: 0xffffffff max_cycles: 0xffffffff, max_idle_ns: 1911260446275000 ns
set 30 18:53:08 nixos kernel: futex hash table entries: 2048 (order: 5, 131072 bytes, linear)
set 30 18:53:08 nixos kernel: pinctrl core: initialized pinctrl subsystem
set 30 18:53:08 nixos kernel: PM: RTC time: 16:53:06, date: 2024-09-30
set 30 18:53:08 nixos kernel: NET: Registered PF_NETLINK/PF_ROUTE protocol family
set 30 18:53:08 nixos kernel: DMA: preallocated 4096 KiB GFP_KERNEL pool for atomic allocations
set 30 18:53:08 nixos kernel: DMA: preallocated 4096 KiB GFP_KERNEL|GFP_DMA pool for atomic allocations
set 30 18:53:08 nixos kernel: DMA: preallocated 4096 KiB GFP_KERNEL|GFP_DMA32 pool for atomic allocations
set 30 18:53:08 nixos kernel: audit: initializing netlink subsys (disabled)
set 30 18:53:08 nixos kernel: audit: type=2000 audit(1727715186.038:1): state=initialized audit_enabled=0 res=1
set 30 18:53:08 nixos kernel: thermal_sys: Registered thermal governor 'bang_bang'
set 30 18:53:08 nixos kernel: thermal_sys: Registered thermal governor 'step_wise'
set 30 18:53:08 nixos kernel: thermal_sys: Registered thermal governor 'user_space'
set 30 18:53:08 nixos kernel: cpuidle: using governor menu
set 30 18:53:08 nixos kernel: Detected 1 PCC Subspaces
set 30 18:53:08 nixos kernel: Registering PCC driver as Mailbox controller
set 30 18:53:08 nixos kernel: Simple Boot Flag at 0x7c set to 0x1
set 30 18:53:08 nixos kernel: ACPI FADT declares the system doesn't support PCIe ASPM, so disable it
set 30 18:53:08 nixos kernel: acpiphp: ACPI Hot Plug PCI Controller Driver version: 0.5
set 30 18:53:08 nixos kernel: PCI: MMCONFIG for domain 0000 [bus 00-ff] at [mem 0x80000000-0x8fffffff] (base 0x80000000)
set 30 18:53:08 nixos kernel: PCI: Using configuration type 1 for base access
set 30 18:53:08 nixos kernel: ENERGY_PERF_BIAS: Set to 'normal', was 'performance'
set 30 18:53:08 nixos kernel: kprobes: kprobe jump-optimization is enabled. All kprobes are optimized if possible.
set 30 18:53:08 nixos kernel: HugeTLB: registered 1.00 GiB page size, pre-allocated 0 pages
set 30 18:53:08 nixos kernel: HugeTLB: 16380 KiB vmemmap can be freed for a 1.00 GiB page
set 30 18:53:08 nixos kernel: HugeTLB: registered 2.00 MiB page size, pre-allocated 0 pages
set 30 18:53:08 nixos kernel: HugeTLB: 28 KiB vmemmap can be freed for a 2.00 MiB page
set 30 18:53:08 nixos kernel: ACPI: Added _OSI(Module Device)
set 30 18:53:08 nixos kernel: ACPI: Added _OSI(Processor Device)
set 30 18:53:08 nixos kernel: ACPI: Added _OSI(3.0 _SCP Extensions)
set 30 18:53:08 nixos kernel: ACPI: Added _OSI(Processor Aggregator Device)
set 30 18:53:08 nixos kernel: ACPI: 6 ACPI AML tables successfully acquired and loaded
set 30 18:53:08 nixos kernel: ACPI: [Firmware Bug]: BIOS _OSI(Linux) query ignored
set 30 18:53:08 nixos kernel: ACPI: Dynamic OEM Table Load:
set 30 18:53:08 nixos kernel: ACPI: Dynamic OEM Table Load:
set 30 18:53:08 nixos kernel: ACPI: Dynamic OEM Table Load:
set 30 18:53:08 nixos kernel: ACPI: _OSC evaluated successfully for all CPUs
set 30 18:53:08 nixos kernel: ACPI: EC: EC started
set 30 18:53:08 nixos kernel: ACPI: EC: interrupt blocked
set 30 18:53:08 nixos kernel: ACPI: EC: EC_CMD/EC_SC=0x66, EC_DATA=0x62
set 30 18:53:08 nixos kernel: ACPI: \_SB_.PC00.LPC0.EC0_: Boot DSDT EC used to handle transactions
set 30 18:53:08 nixos kernel: ACPI: Interpreter enabled
set 30 18:53:08 nixos kernel: ACPI: PM: (supports S0 S3 S4 S5)
set 30 18:53:08 nixos kernel: ACPI: Using IOAPIC for interrupt routing
set 30 18:53:08 nixos kernel: HEST: Table parsing has been initialized.
set 30 18:53:08 nixos kernel: GHES: APEI firmware first mode is enabled by APEI bit and WHEA _OSC.
set 30 18:53:08 nixos kernel: PCI: Using host bridge windows from ACPI; if necessary, use "pci=nocrs" and report a bug
set 30 18:53:08 nixos kernel: PCI: Using E820 reservations for host bridge windows
set 30 18:53:08 nixos kernel: ACPI: Enabled 7 GPEs in block 00 to 7F
set 30 18:53:08 nixos kernel: ACPI: \_SB_.PC00.RP17.WRST: New power resource
set 30 18:53:08 nixos kernel: ACPI: \_SB_.PC00.RP13.WRST: New power resource
set 30 18:53:08 nixos kernel: ACPI: \_SB_.PC01.BR1A.WRST: New power resource
set 30 18:53:08 nixos kernel: ACPI: \_SB_.PC01.BR1D.WRST: New power resource
set 30 18:53:08 nixos kernel: ACPI: \_SB_.PC02.BR2A.WRST: New power resource
set 30 18:53:08 nixos kernel: ACPI: \_SB_.PC02.BR2B.WRST: New power resource
set 30 18:53:08 nixos kernel: ACPI: \_SB_.PC02.BR2C.WRST: New power resource
set 30 18:53:08 nixos kernel: ACPI: \_SB_.PC03.BR3A.WRST: New power resource
set 30 18:53:08 nixos kernel: ACPI: \_SB_.PC07.QR1A.WRST: New power resource
set 30 18:53:08 nixos kernel: ACPI: \_SB_.PC08.QR2A.WRST: New power resource
set 30 18:53:08 nixos kernel: ACPI: \_SB_.PC09.QR3C.WRST: New power resource
set 30 18:53:08 nixos kernel: ACPI: PCI Root Bridge [PC00] (domain 0000 [bus 00-13])
set 30 18:53:08 nixos kernel: acpi PNP0A08:00: _OSC: OS supports [ExtendedConfig ASPM ClockPM Segments MSI HPX-Type3]
set 30 18:53:08 nixos kernel: acpi PNP0A08:00: _OSC: platform does not support [PCIeHotplug PME LTR]
set 30 18:53:08 nixos kernel: acpi PNP0A08:00: _OSC: OS now controls [PCIeCapability]
set 30 18:53:08 nixos kernel: acpi PNP0A08:00: FADT indicates ASPM is unsupported, using BIOS configuration
set 30 18:53:08 nixos kernel: acpi PNP0A08:00: host bridge window expanded to [mem 0xfd000000-0xfe7fffff window]; [mem 0xfd000000-0xfe7fffff window] ignored
set 30 18:53:08 nixos kernel: PCI host bridge to bus 0000:00
set 30 18:53:08 nixos kernel: pci_bus 0000:00: root bus resource [io  0x0000-0x0cf7 window]
set 30 18:53:08 nixos kernel: pci_bus 0000:00: root bus resource [io  0x1000-0x3fff window]
set 30 18:53:08 nixos kernel: pci_bus 0000:00: root bus resource [mem 0x000c4000-0x000c7fff window]
set 30 18:53:08 nixos kernel: pci_bus 0000:00: root bus resource [mem 0xfd000000-0xfe7fffff window]
set 30 18:53:08 nixos kernel: pci_bus 0000:00: root bus resource [mem 0x90000000-0x903fffff window]
set 30 18:53:08 nixos kernel: pci_bus 0000:00: root bus resource [mem 0x380000000000-0x383fffffffff window]
set 30 18:53:08 nixos kernel: pci_bus 0000:00: root bus resource [bus 00-13]
set 30 18:53:08 nixos kernel: pci 0000:00:00.0: [8086:2020] type 00 class 0x060000
set 30 18:53:08 nixos kernel: pci 0000:00:04.0: [8086:2021] type 00 class 0x088000
set 30 18:53:08 nixos kernel: pci 0000:00:04.0: reg 0x10: [mem 0x383ffff40000-0x383ffff43fff 64bit]
set 30 18:53:08 nixos kernel: pci 0000:00:04.1: [8086:2021] type 00 class 0x088000
set 30 18:53:08 nixos kernel: pci 0000:00:04.1: reg 0x10: [mem 0x383ffff3c000-0x383ffff3ffff 64bit]
set 30 18:53:08 nixos kernel: pci 0000:00:04.2: [8086:2021] type 00 class 0x088000
set 30 18:53:08 nixos kernel: pci 0000:00:04.2: reg 0x10: [mem 0x383ffff38000-0x383ffff3bfff 64bit]
set 30 18:53:08 nixos kernel: pci 0000:00:04.3: [8086:2021] type 00 class 0x088000
set 30 18:53:08 nixos kernel: pci 0000:00:04.3: reg 0x10: [mem 0x383ffff34000-0x383ffff37fff 64bit]
set 30 18:53:08 nixos kernel: pci 0000:00:04.4: [8086:2021] type 00 class 0x088000
set 30 18:53:08 nixos kernel: pci 0000:00:04.4: reg 0x10: [mem 0x383ffff30000-0x383ffff33fff 64bit]
set 30 18:53:08 nixos kernel: pci 0000:00:04.5: [8086:2021] type 00 class 0x088000
set 30 18:53:08 nixos kernel: pci 0000:00:04.5: reg 0x10: [mem 0x383ffff2c000-0x383ffff2ffff 64bit]
set 30 18:53:08 nixos kernel: pci 0000:00:04.6: [8086:2021] type 00 class 0x088000
set 30 18:53:08 nixos kernel: pci 0000:00:04.6: reg 0x10: [mem 0x383ffff28000-0x383ffff2bfff 64bit]
set 30 18:53:08 nixos kernel: pci 0000:00:04.7: [8086:2021] type 00 class 0x088000
set 30 18:53:08 nixos kernel: pci 0000:00:04.7: reg 0x10: [mem 0x383ffff24000-0x383ffff27fff 64bit]
set 30 18:53:08 nixos kernel: pci 0000:00:05.0: [8086:2024] type 00 class 0x088000
set 30 18:53:08 nixos kernel: pci 0000:00:05.2: [8086:2025] type 00 class 0x088000
set 30 18:53:08 nixos kernel: pci 0000:00:05.4: [8086:2026] type 00 class 0x080020
set 30 18:53:08 nixos kernel: pci 0000:00:05.4: reg 0x10: [mem 0x90228000-0x90228fff]
set 30 18:53:08 nixos kernel: pci 0000:00:08.0: [8086:2014] type 00 class 0x088000
set 30 18:53:08 nixos kernel: pci 0000:00:08.1: [8086:2015] type 00 class 0x110100
set 30 18:53:08 nixos kernel: pci 0000:00:08.2: [8086:2016] type 00 class 0x088000
set 30 18:53:08 nixos kernel: pci 0000:00:14.0: [8086:a2af] type 00 class 0x0c0330
set 30 18:53:08 nixos kernel: pci 0000:00:14.0: reg 0x10: [mem 0x383ffff10000-0x383ffff1ffff 64bit]
set 30 18:53:08 nixos kernel: pci 0000:00:14.0: PME# supported from D3hot D3cold
set 30 18:53:08 nixos kernel: pci 0000:00:14.2: [8086:a2b1] type 00 class 0x118000
set 30 18:53:08 nixos kernel: pci 0000:00:14.2: reg 0x10: [mem 0x383ffff46000-0x383ffff46fff 64bit]
set 30 18:53:08 nixos kernel: pci 0000:00:16.0: [8086:a2ba] type 00 class 0x078000
set 30 18:53:08 nixos kernel: pci 0000:00:16.0: reg 0x10: [mem 0x383ffff45000-0x383ffff45fff 64bit]
set 30 18:53:08 nixos kernel: pci 0000:00:16.0: PME# supported from D3hot
set 30 18:53:08 nixos kernel: pci 0000:00:17.0: [8086:2826] type 00 class 0x010400
set 30 18:53:08 nixos kernel: pci 0000:00:17.0: reg 0x10: [mem 0x90224000-0x90225fff]
set 30 18:53:08 nixos kernel: pci 0000:00:17.0: reg 0x14: [mem 0x90227000-0x902270ff]
set 30 18:53:08 nixos kernel: pci 0000:00:17.0: reg 0x18: [io  0x3040-0x3047]
set 30 18:53:08 nixos kernel: pci 0000:00:17.0: reg 0x1c: [io  0x3048-0x304b]
set 30 18:53:08 nixos kernel: pci 0000:00:17.0: reg 0x20: [io  0x3020-0x303f]
set 30 18:53:08 nixos kernel: pci 0000:00:17.0: reg 0x24: [mem 0x90226000-0x902267ff]
set 30 18:53:08 nixos kernel: pci 0000:00:17.0: PME# supported from D3hot
set 30 18:53:08 nixos kernel: pci 0000:00:1c.0: [8086:a292] type 01 class 0x060400
set 30 18:53:08 nixos kernel: pci 0000:00:1c.0: PME# supported from D0 D3hot D3cold
set 30 18:53:08 nixos kernel: pci 0000:00:1c.4: [8086:a294] type 01 class 0x060400
set 30 18:53:08 nixos kernel: pci 0000:00:1c.4: PME# supported from D0 D3hot D3cold
set 30 18:53:08 nixos kernel: pci 0000:00:1f.0: [8086:a2d3] type 00 class 0x060100
set 30 18:53:08 nixos kernel: pci 0000:00:1f.2: [8086:a2a1] type 00 class 0x058000
set 30 18:53:08 nixos kernel: pci 0000:00:1f.2: reg 0x10: [mem 0x90220000-0x90223fff]
set 30 18:53:08 nixos kernel: pci 0000:00:1f.3: [8086:a2f0] type 00 class 0x040300
set 30 18:53:08 nixos kernel: pci 0000:00:1f.3: reg 0x10: [mem 0x383ffff20000-0x383ffff23fff 64bit]
set 30 18:53:08 nixos kernel: pci 0000:00:1f.3: reg 0x20: [mem 0x383ffff00000-0x383ffff0ffff 64bit]
set 30 18:53:08 nixos kernel: pci 0000:00:1f.3: PME# supported from D3hot D3cold
set 30 18:53:08 nixos kernel: pci 0000:00:1f.4: [8086:a2a3] type 00 class 0x0c0500
set 30 18:53:08 nixos kernel: pci 0000:00:1f.4: reg 0x10: [mem 0x383ffff44000-0x383ffff440ff 64bit]
set 30 18:53:08 nixos kernel: pci 0000:00:1f.4: reg 0x20: [io  0x3000-0x301f]
set 30 18:53:08 nixos kernel: pci 0000:00:1f.5: [8086:a2a4] type 00 class 0x000000
set 30 18:53:08 nixos kernel: pci 0000:00:1f.5: reg 0x10: [mem 0xfe010000-0xfe010fff]
set 30 18:53:08 nixos kernel: pci 0000:00:1f.6: [8086:15b7] type 00 class 0x020000
set 30 18:53:08 nixos kernel: pci 0000:00:1f.6: reg 0x10: [mem 0x90200000-0x9021ffff]
set 30 18:53:08 nixos kernel: pci 0000:00:1f.6: PME# supported from D0 D3hot D3cold
set 30 18:53:08 nixos kernel: pci 0000:01:00.0: working around ROM BAR overlap defect
set 30 18:53:08 nixos kernel: pci 0000:01:00.0: [8086:1533] type 00 class 0x020000
set 30 18:53:08 nixos kernel: pci 0000:01:00.0: reg 0x10: [mem 0x90100000-0x9017ffff]
set 30 18:53:08 nixos kernel: pci 0000:01:00.0: reg 0x18: [io  0x2000-0x201f]
set 30 18:53:08 nixos kernel: pci 0000:01:00.0: reg 0x1c: [mem 0x90180000-0x90183fff]
set 30 18:53:08 nixos kernel: pci 0000:01:00.0: PME# supported from D0 D3hot D3cold
set 30 18:53:08 nixos kernel: pci 0000:00:1c.0: PCI bridge to [bus 01]
set 30 18:53:08 nixos kernel: pci 0000:00:1c.0:   bridge window [io  0x2000-0x2fff]
set 30 18:53:08 nixos kernel: pci 0000:00:1c.0:   bridge window [mem 0x90100000-0x901fffff]
set 30 18:53:08 nixos kernel: pci 0000:00:1c.4: PCI bridge to [bus 02]
set 30 18:53:08 nixos kernel: pci_bus 0000:00: on NUMA node 0
set 30 18:53:08 nixos kernel: ACPI: PCI: Interrupt link LNKA configured for IRQ 11
set 30 18:53:08 nixos kernel: ACPI: PCI: Interrupt link LNKB configured for IRQ 10
set 30 18:53:08 nixos kernel: ACPI: PCI: Interrupt link LNKC configured for IRQ 11
set 30 18:53:08 nixos kernel: ACPI: PCI: Interrupt link LNKD configured for IRQ 11
set 30 18:53:08 nixos kernel: ACPI: PCI: Interrupt link LNKE configured for IRQ 11
set 30 18:53:08 nixos kernel: ACPI: PCI: Interrupt link LNKF configured for IRQ 11
set 30 18:53:08 nixos kernel: ACPI: PCI: Interrupt link LNKG configured for IRQ 11
set 30 18:53:08 nixos kernel: ACPI: PCI: Interrupt link LNKH configured for IRQ 11
set 30 18:53:08 nixos kernel: ACPI: PCI Root Bridge [PC01] (domain 0000 [bus 14-1f])
set 30 18:53:08 nixos kernel: acpi PNP0A08:01: _OSC: OS supports [ExtendedConfig ASPM ClockPM Segments MSI HPX-Type3]
set 30 18:53:08 nixos kernel: acpi PNP0A08:01: _OSC: platform does not support [LTR]
set 30 18:53:08 nixos kernel: acpi PNP0A08:01: _OSC: OS now controls [PCIeHotplug PME PCIeCapability]
set 30 18:53:08 nixos kernel: acpi PNP0A08:01: FADT indicates ASPM is unsupported, using BIOS configuration
set 30 18:53:08 nixos kernel: PCI host bridge to bus 0000:14
set 30 18:53:08 nixos kernel: pci_bus 0000:14: root bus resource [io  0x4000-0x7fff window]
set 30 18:53:08 nixos kernel: pci_bus 0000:14: root bus resource [mem 0x90400000-0x907fffff window]
set 30 18:53:08 nixos kernel: pci_bus 0000:14: root bus resource [mem 0x384000000000-0x387fffffffff window]
set 30 18:53:08 nixos kernel: pci_bus 0000:14: root bus resource [bus 14-1f]
set 30 18:53:08 nixos kernel: pci 0000:14:00.0: [8086:2030] type 01 class 0x060400
set 30 18:53:08 nixos kernel: pci 0000:14:00.0: PME# supported from D0 D3hot D3cold
set 30 18:53:08 nixos kernel: pci 0000:14:05.0: [8086:2034] type 00 class 0x088000
set 30 18:53:08 nixos kernel: pci 0000:14:05.2: [8086:2035] type 00 class 0x088000
set 30 18:53:08 nixos kernel: pci 0000:14:05.4: [8086:2036] type 00 class 0x080020
set 30 18:53:08 nixos kernel: pci 0000:14:05.4: reg 0x10: [mem 0x90400000-0x90400fff]
set 30 18:53:08 nixos kernel: pci 0000:14:08.0: [8086:208d] type 00 class 0x088000
set 30 18:53:08 nixos kernel: pci 0000:14:08.1: [8086:208d] type 00 class 0x088000
set 30 18:53:08 nixos kernel: pci 0000:14:08.2: [8086:208d] type 00 class 0x088000
set 30 18:53:08 nixos kernel: pci 0000:14:08.3: [8086:208d] type 00 class 0x088000
set 30 18:53:08 nixos kernel: pci 0000:14:08.4: [8086:208d] type 00 class 0x088000
set 30 18:53:08 nixos kernel: pci 0000:14:08.5: [8086:208d] type 00 class 0x088000
set 30 18:53:08 nixos kernel: pci 0000:14:08.6: [8086:208d] type 00 class 0x088000
set 30 18:53:08 nixos kernel: pci 0000:14:08.7: [8086:208d] type 00 class 0x088000
set 30 18:53:08 nixos kernel: pci 0000:14:09.0: [8086:208d] type 00 class 0x088000
set 30 18:53:08 nixos kernel: pci 0000:14:09.1: [8086:208d] type 00 class 0x088000
set 30 18:53:08 nixos kernel: pci 0000:14:09.2: [8086:208d] type 00 class 0x088000
set 30 18:53:08 nixos kernel: pci 0000:14:09.3: [8086:208d] type 00 class 0x088000
set 30 18:53:08 nixos kernel: pci 0000:14:09.4: [8086:208d] type 00 class 0x088000
set 30 18:53:08 nixos kernel: pci 0000:14:09.5: [8086:208d] type 00 class 0x088000
set 30 18:53:08 nixos kernel: pci 0000:14:09.6: [8086:208d] type 00 class 0x088000
set 30 18:53:08 nixos kernel: pci 0000:14:09.7: [8086:208d] type 00 class 0x088000
set 30 18:53:08 nixos kernel: pci 0000:14:0a.0: [8086:208d] type 00 class 0x088000
set 30 18:53:08 nixos kernel: pci 0000:14:0a.1: [8086:208d] type 00 class 0x088000
set 30 18:53:08 nixos kernel: pci 0000:14:0e.0: [8086:208e] type 00 class 0x088000
set 30 18:53:08 nixos kernel: pci 0000:14:0e.1: [8086:208e] type 00 class 0x088000
set 30 18:53:08 nixos kernel: pci 0000:14:0e.2: [8086:208e] type 00 class 0x088000
set 30 18:53:08 nixos kernel: pci 0000:14:0e.3: [8086:208e] type 00 class 0x088000
set 30 18:53:08 nixos kernel: pci 0000:14:0e.4: [8086:208e] type 00 class 0x088000
set 30 18:53:08 nixos kernel: pci 0000:14:0e.5: [8086:208e] type 00 class 0x088000
set 30 18:53:08 nixos kernel: pci 0000:14:0e.6: [8086:208e] type 00 class 0x088000
set 30 18:53:08 nixos kernel: pci 0000:14:0e.7: [8086:208e] type 00 class 0x088000
set 30 18:53:08 nixos kernel: pci 0000:14:0f.0: [8086:208e] type 00 class 0x088000
set 30 18:53:08 nixos kernel: pci 0000:14:0f.1: [8086:208e] type 00 class 0x088000
set 30 18:53:08 nixos kernel: pci 0000:14:0f.2: [8086:208e] type 00 class 0x088000
set 30 18:53:08 nixos kernel: pci 0000:14:0f.3: [8086:208e] type 00 class 0x088000
set 30 18:53:08 nixos kernel: pci 0000:14:0f.4: [8086:208e] type 00 class 0x088000
set 30 18:53:08 nixos kernel: pci 0000:14:0f.5: [8086:208e] type 00 class 0x088000
set 30 18:53:08 nixos kernel: pci 0000:14:0f.6: [8086:208e] type 00 class 0x088000
set 30 18:53:08 nixos kernel: pci 0000:14:0f.7: [8086:208e] type 00 class 0x088000
set 30 18:53:08 nixos kernel: pci 0000:14:10.0: [8086:208e] type 00 class 0x088000
set 30 18:53:08 nixos kernel: pci 0000:14:10.1: [8086:208e] type 00 class 0x088000
set 30 18:53:08 nixos kernel: pci 0000:14:1d.0: [8086:2054] type 00 class 0x088000
set 30 18:53:08 nixos kernel: pci 0000:14:1d.1: [8086:2055] type 00 class 0x088000
set 30 18:53:08 nixos kernel: pci 0000:14:1d.2: [8086:2056] type 00 class 0x088000
set 30 18:53:08 nixos kernel: pci 0000:14:1d.3: [8086:2057] type 00 class 0x088000
set 30 18:53:08 nixos kernel: pci 0000:14:1e.0: [8086:2080] type 00 class 0x088000
set 30 18:53:08 nixos kernel: pci 0000:14:1e.1: [8086:2081] type 00 class 0x088000
set 30 18:53:08 nixos kernel: pci 0000:14:1e.2: [8086:2082] type 00 class 0x088000
set 30 18:53:08 nixos kernel: pci 0000:14:1e.3: [8086:2083] type 00 class 0x088000
set 30 18:53:08 nixos kernel: pci 0000:14:1e.4: [8086:2084] type 00 class 0x088000
set 30 18:53:08 nixos kernel: pci 0000:14:1e.5: [8086:2085] type 00 class 0x088000
set 30 18:53:08 nixos kernel: pci 0000:14:1e.6: [8086:2086] type 00 class 0x088000
set 30 18:53:08 nixos kernel: pci 0000:14:00.0: PCI bridge to [bus 15]
set 30 18:53:08 nixos kernel: pci_bus 0000:14: on NUMA node 0
set 30 18:53:08 nixos kernel: ACPI: PCI Root Bridge [PC02] (domain 0000 [bus 20-2b])
set 30 18:53:08 nixos kernel: acpi PNP0A08:02: _OSC: OS supports [ExtendedConfig ASPM ClockPM Segments MSI HPX-Type3]
set 30 18:53:08 nixos kernel: acpi PNP0A08:02: _OSC: platform does not support [LTR]
set 30 18:53:08 nixos kernel: acpi PNP0A08:02: _OSC: OS now controls [PCIeHotplug PME PCIeCapability]
set 30 18:53:08 nixos kernel: acpi PNP0A08:02: FADT indicates ASPM is unsupported, using BIOS configuration
set 30 18:53:08 nixos kernel: PCI host bridge to bus 0000:20
set 30 18:53:08 nixos kernel: pci_bus 0000:20: root bus resource [mem 0x000a0000-0x000bffff window]
set 30 18:53:08 nixos kernel: pci_bus 0000:20: root bus resource [io  0x8000-0xbfff window]
set 30 18:53:08 nixos kernel: pci_bus 0000:20: root bus resource [io  0x03b0-0x03bb window]
set 30 18:53:08 nixos kernel: pci_bus 0000:20: root bus resource [io  0x03c0-0x03df window]
set 30 18:53:08 nixos kernel: pci_bus 0000:20: root bus resource [mem 0x90800000-0xb3bfffff window]
set 30 18:53:08 nixos kernel: pci_bus 0000:20: root bus resource [mem 0x388000000000-0x38bfffffffff window]
set 30 18:53:08 nixos kernel: pci_bus 0000:20: root bus resource [bus 20-2b]
set 30 18:53:08 nixos kernel: pci 0000:20:00.0: [8086:2030] type 01 class 0x060400
set 30 18:53:08 nixos kernel: pci 0000:20:00.0: PME# supported from D0 D3hot D3cold
set 30 18:53:08 nixos kernel: pci 0000:20:05.0: [8086:2034] type 00 class 0x088000
set 30 18:53:08 nixos kernel: pci 0000:20:05.2: [8086:2035] type 00 class 0x088000
set 30 18:53:08 nixos kernel: pci 0000:20:05.4: [8086:2036] type 00 class 0x080020
set 30 18:53:08 nixos kernel: pci 0000:20:05.4: reg 0x10: [mem 0x92100000-0x92100fff]
set 30 18:53:08 nixos kernel: pci 0000:20:08.0: [8086:2066] type 00 class 0x088000
set 30 18:53:08 nixos kernel: pci 0000:20:09.0: [8086:2066] type 00 class 0x088000
set 30 18:53:08 nixos kernel: pci 0000:20:0a.0: [8086:2040] type 00 class 0x088000
set 30 18:53:08 nixos kernel: pci 0000:20:0a.1: [8086:2041] type 00 class 0x088000
set 30 18:53:08 nixos kernel: pci 0000:20:0a.2: [8086:2042] type 00 class 0x088000
set 30 18:53:08 nixos kernel: pci 0000:20:0a.3: [8086:2043] type 00 class 0x088000
set 30 18:53:08 nixos kernel: pci 0000:20:0a.4: [8086:2044] type 00 class 0x088000
set 30 18:53:08 nixos kernel: pci 0000:20:0a.5: [8086:2045] type 00 class 0x088000
set 30 18:53:08 nixos kernel: pci 0000:20:0a.6: [8086:2046] type 00 class 0x088000
set 30 18:53:08 nixos kernel: pci 0000:20:0a.7: [8086:2047] type 00 class 0x088000
set 30 18:53:08 nixos kernel: pci 0000:20:0b.0: [8086:2048] type 00 class 0x088000
set 30 18:53:08 nixos kernel: pci 0000:20:0b.1: [8086:2049] type 00 class 0x088000
set 30 18:53:08 nixos kernel: pci 0000:20:0b.2: [8086:204a] type 00 class 0x088000
set 30 18:53:08 nixos kernel: pci 0000:20:0b.3: [8086:204b] type 00 class 0x088000
set 30 18:53:08 nixos kernel: pci 0000:20:0c.0: [8086:2040] type 00 class 0x088000
set 30 18:53:08 nixos kernel: pci 0000:20:0c.1: [8086:2041] type 00 class 0x088000
set 30 18:53:08 nixos kernel: pci 0000:20:0c.2: [8086:2042] type 00 class 0x088000
set 30 18:53:08 nixos kernel: pci 0000:20:0c.3: [8086:2043] type 00 class 0x088000
set 30 18:53:08 nixos kernel: pci 0000:20:0c.4: [8086:2044] type 00 class 0x088000
set 30 18:53:08 nixos kernel: pci 0000:20:0c.5: [8086:2045] type 00 class 0x088000
set 30 18:53:08 nixos kernel: pci 0000:20:0c.6: [8086:2046] type 00 class 0x088000
set 30 18:53:08 nixos kernel: pci 0000:20:0c.7: [8086:2047] type 00 class 0x088000
set 30 18:53:08 nixos kernel: pci 0000:20:0d.0: [8086:2048] type 00 class 0x088000
set 30 18:53:08 nixos kernel: pci 0000:20:0d.1: [8086:2049] type 00 class 0x088000
set 30 18:53:08 nixos kernel: pci 0000:20:0d.2: [8086:204a] type 00 class 0x088000
set 30 18:53:08 nixos kernel: pci 0000:20:0d.3: [8086:204b] type 00 class 0x088000
set 30 18:53:08 nixos kernel: pci 0000:21:00.0: [10de:24b0] type 00 class 0x030000
set 30 18:53:08 nixos kernel: pci 0000:21:00.0: reg 0x10: [mem 0x91000000-0x91ffffff]
set 30 18:53:08 nixos kernel: pci 0000:21:00.0: reg 0x14: [mem 0x38bfe0000000-0x38bfefffffff 64bit pref]
set 30 18:53:08 nixos kernel: pci 0000:21:00.0: reg 0x1c: [mem 0x38bff0000000-0x38bff1ffffff 64bit pref]
set 30 18:53:08 nixos kernel: pci 0000:21:00.0: reg 0x24: [io  0x8000-0x807f]
set 30 18:53:08 nixos kernel: pci 0000:21:00.0: reg 0x30: [mem 0xfff80000-0xffffffff pref]
set 30 18:53:08 nixos kernel: pci 0000:21:00.0: BAR 1: assigned to efifb
set 30 18:53:08 nixos kernel: pci 0000:21:00.0: PME# supported from D0 D3hot
set 30 18:53:08 nixos kernel: pci 0000:21:00.0: 126.016 Gb/s available PCIe bandwidth, limited by 8.0 GT/s PCIe x16 link at 0000:20:00.0 (capable of 252.048 Gb/s with 16.0 GT/s PCIe x16 link)
set 30 18:53:08 nixos kernel: pci 0000:21:00.1: [10de:228b] type 00 class 0x040300
set 30 18:53:08 nixos kernel: pci 0000:21:00.1: reg 0x10: [mem 0x92000000-0x92003fff]
set 30 18:53:08 nixos kernel: pci 0000:20:00.0: PCI bridge to [bus 21]
set 30 18:53:08 nixos kernel: pci 0000:20:00.0:   bridge window [io  0x8000-0x8fff]
set 30 18:53:08 nixos kernel: pci 0000:20:00.0:   bridge window [mem 0x91000000-0x920fffff]
set 30 18:53:08 nixos kernel: pci 0000:20:00.0:   bridge window [mem 0x38bfe0000000-0x38bff1ffffff 64bit pref]
set 30 18:53:08 nixos kernel: pci_bus 0000:20: on NUMA node 0
set 30 18:53:08 nixos kernel: ACPI: PCI Root Bridge [PC03] (domain 0000 [bus 2c-ff])
set 30 18:53:08 nixos kernel: acpi PNP0A08:03: _OSC: OS supports [ExtendedConfig ASPM ClockPM Segments MSI HPX-Type3]
set 30 18:53:08 nixos kernel: acpi PNP0A08:03: _OSC: platform does not support [LTR]
set 30 18:53:08 nixos kernel: acpi PNP0A08:03: _OSC: OS now controls [PCIeHotplug PME PCIeCapability]
set 30 18:53:08 nixos kernel: acpi PNP0A08:03: FADT indicates ASPM is unsupported, using BIOS configuration
set 30 18:53:08 nixos kernel: PCI host bridge to bus 0000:2c
set 30 18:53:08 nixos kernel: pci_bus 0000:2c: root bus resource [io  0xc000-0xffff window]
set 30 18:53:08 nixos kernel: pci_bus 0000:2c: root bus resource [mem 0xb3c00000-0xfbffffff window]
set 30 18:53:08 nixos kernel: pci_bus 0000:2c: root bus resource [mem 0x38c000000000-0x38ffffffffff window]
set 30 18:53:08 nixos kernel: pci_bus 0000:2c: root bus resource [bus 2c-ff]
set 30 18:53:08 nixos kernel: pci 0000:2c:00.0: [8086:2030] type 01 class 0x060400
set 30 18:53:08 nixos kernel: pci 0000:2c:00.0: PME# supported from D0 D3hot D3cold
set 30 18:53:08 nixos kernel: pci 0000:2c:02.0: [8086:2032] type 01 class 0x060400
set 30 18:53:08 nixos kernel: pci 0000:2c:02.0: PME# supported from D0 D3hot D3cold
set 30 18:53:08 nixos kernel: pci 0000:2c:03.0: [8086:2033] type 01 class 0x060400
set 30 18:53:08 nixos kernel: pci 0000:2c:03.0: PME# supported from D0 D3hot D3cold
set 30 18:53:08 nixos kernel: pci 0000:2c:05.0: [8086:2034] type 00 class 0x088000
set 30 18:53:08 nixos kernel: pci 0000:2c:05.2: [8086:2035] type 00 class 0x088000
set 30 18:53:08 nixos kernel: pci 0000:2c:05.4: [8086:2036] type 00 class 0x080020
set 30 18:53:08 nixos kernel: pci 0000:2c:05.4: reg 0x10: [mem 0xb3d00000-0xb3d00fff]
set 30 18:53:08 nixos kernel: pci 0000:2c:12.0: [8086:204c] type 00 class 0x110100
set 30 18:53:08 nixos kernel: pci 0000:2c:12.1: [8086:204d] type 00 class 0x110100
set 30 18:53:08 nixos kernel: pci 0000:2c:12.2: [8086:204e] type 00 class 0x088000
set 30 18:53:08 nixos kernel: pci 0000:2c:15.0: [8086:2018] type 00 class 0x088000
set 30 18:53:08 nixos kernel: pci 0000:2c:15.1: [8086:2088] type 00 class 0x110100
set 30 18:53:08 nixos kernel: pci 0000:2c:16.0: [8086:2018] type 00 class 0x088000
set 30 18:53:08 nixos kernel: pci 0000:2c:16.1: [8086:2088] type 00 class 0x110100
set 30 18:53:08 nixos kernel: pci 0000:2c:16.4: [8086:2018] type 00 class 0x088000
set 30 18:53:08 nixos kernel: pci 0000:2c:16.5: [8086:2088] type 00 class 0x110100
set 30 18:53:08 nixos kernel: pci 0000:2c:17.0: [8086:2018] type 00 class 0x088000
set 30 18:53:08 nixos kernel: pci 0000:2c:17.1: [8086:2088] type 00 class 0x110100
set 30 18:53:08 nixos kernel: pci 0000:2c:00.0: PCI bridge to [bus 2d]
set 30 18:53:08 nixos kernel: pci 0000:2e:00.0: [144d:a80a] type 00 class 0x010802
set 30 18:53:08 nixos kernel: pci 0000:2e:00.0: reg 0x10: [mem 0xb3c00000-0xb3c03fff 64bit]
set 30 18:53:08 nixos kernel: pci 0000:2e:00.0: 31.504 Gb/s available PCIe bandwidth, limited by 8.0 GT/s PCIe x4 link at 0000:2c:02.0 (capable of 63.012 Gb/s with 16.0 GT/s PCIe x4 link)
set 30 18:53:08 nixos kernel: pci 0000:2c:02.0: PCI bridge to [bus 2e]
set 30 18:53:08 nixos kernel: pci 0000:2c:02.0:   bridge window [mem 0xb3c00000-0xb3cfffff]
set 30 18:53:08 nixos kernel: pci 0000:2c:03.0: PCI bridge to [bus 2f]
set 30 18:53:08 nixos kernel: pci_bus 0000:2c: on NUMA node 0
set 30 18:53:08 nixos kernel: ACPI: EC: interrupt unblocked
set 30 18:53:08 nixos kernel: ACPI: EC: event unblocked
set 30 18:53:08 nixos kernel: ACPI: EC: EC_CMD/EC_SC=0x66, EC_DATA=0x62
set 30 18:53:08 nixos kernel: ACPI: EC: GPE=0x6e
set 30 18:53:08 nixos kernel: ACPI: \_SB_.PC00.LPC0.EC0_: Boot DSDT EC initialization complete
set 30 18:53:08 nixos kernel: ACPI: \_SB_.PC00.LPC0.EC0_: EC: Used to handle transactions and events
set 30 18:53:08 nixos kernel: iommu: Default domain type: Translated
set 30 18:53:08 nixos kernel: iommu: DMA domain TLB invalidation policy: lazy mode
set 30 18:53:08 nixos kernel: ACPI: bus type USB registered
set 30 18:53:08 nixos kernel: usbcore: registered new interface driver usbfs
set 30 18:53:08 nixos kernel: usbcore: registered new interface driver hub
set 30 18:53:08 nixos kernel: usbcore: registered new device driver usb
set 30 18:53:08 nixos kernel: efivars: Registered efivars operations
set 30 18:53:08 nixos kernel: NetLabel: Initializing
set 30 18:53:08 nixos kernel: NetLabel:  domain hash size = 128
set 30 18:53:08 nixos kernel: NetLabel:  protocols = UNLABELED CIPSOv4 CALIPSO
set 30 18:53:08 nixos kernel: NetLabel:  unlabeled traffic allowed by default
set 30 18:53:08 nixos kernel: PCI: Using ACPI for IRQ routing
set 30 18:53:08 nixos kernel: PCI: pci_cache_line_size set to 64 bytes
set 30 18:53:08 nixos kernel: e820: reserve RAM buffer [mem 0x00088000-0x0008ffff]
set 30 18:53:08 nixos kernel: e820: reserve RAM buffer [mem 0x678d2018-0x67ffffff]
set 30 18:53:08 nixos kernel: e820: reserve RAM buffer [mem 0x68dd7000-0x6bffffff]
set 30 18:53:08 nixos kernel: e820: reserve RAM buffer [mem 0x6a4c5000-0x6bffffff]
set 30 18:53:08 nixos kernel: e820: reserve RAM buffer [mem 0x6bba2000-0x6bffffff]
set 30 18:53:08 nixos kernel: pci 0000:21:00.0: vgaarb: setting as boot VGA device
set 30 18:53:08 nixos kernel: pci 0000:21:00.0: vgaarb: bridge control possible
set 30 18:53:08 nixos kernel: pci 0000:21:00.0: vgaarb: VGA device added: decodes=io+mem,owns=none,locks=none
set 30 18:53:08 nixos kernel: vgaarb: loaded
set 30 18:53:08 nixos kernel: hpet0: at MMIO 0xfed00000, IRQs 2, 8, 0, 0, 0, 0, 0, 0
set 30 18:53:08 nixos kernel: hpet0: 8 comparators, 64-bit 24.000000 MHz counter
set 30 18:53:08 nixos kernel: clocksource: Switched to clocksource tsc-early
set 30 18:53:08 nixos kernel: VFS: Disk quotas dquot_6.6.0
set 30 18:53:08 nixos kernel: VFS: Dquot-cache hash table entries: 512 (order 0, 4096 bytes)
set 30 18:53:08 nixos kernel: pnp: PnP ACPI init
set 30 18:53:08 nixos kernel: system 00:01: [io  0x0500-0x05fe] has been reserved
set 30 18:53:08 nixos kernel: system 00:01: [io  0x0400-0x047f] has been reserved
set 30 18:53:08 nixos kernel: system 00:01: [io  0x0600-0x061f] has been reserved
set 30 18:53:08 nixos kernel: system 00:01: [io  0x0ca6-0x0cab] has been reserved
set 30 18:53:08 nixos kernel: system 00:01: [io  0x0880-0x0883] has been reserved
set 30 18:53:08 nixos kernel: system 00:01: [io  0x0800-0x081f] has been reserved
set 30 18:53:08 nixos kernel: system 00:01: [mem 0xfed1c000-0xfed3ffff] has been reserved
set 30 18:53:08 nixos kernel: system 00:01: [mem 0xfed45000-0xfed8bfff] has been reserved
set 30 18:53:08 nixos kernel: system 00:01: [mem 0xff000000-0xffffffff] has been reserved
set 30 18:53:08 nixos kernel: system 00:01: [mem 0xfee00000-0xfeefffff] has been reserved
set 30 18:53:08 nixos kernel: system 00:01: [mem 0xfed12000-0xfed1200f] has been reserved
set 30 18:53:08 nixos kernel: system 00:01: [mem 0xfed12010-0xfed1201f] has been reserved
set 30 18:53:08 nixos kernel: system 00:01: [mem 0xfed1b000-0xfed1bfff] has been reserved
set 30 18:53:08 nixos kernel: system 00:04: [mem 0xfd000000-0xfdabffff] has been reserved
set 30 18:53:08 nixos kernel: system 00:04: [mem 0xfdad0000-0xfdadffff] has been reserved
set 30 18:53:08 nixos kernel: system 00:04: [mem 0xfdb00000-0xfdffffff] has been reserved
set 30 18:53:08 nixos kernel: system 00:04: [mem 0xfe000000-0xfe00ffff] has been reserved
set 30 18:53:08 nixos kernel: system 00:04: [mem 0xfe011000-0xfe01ffff] has been reserved
set 30 18:53:08 nixos kernel: system 00:04: [mem 0xfe036000-0xfe03bfff] has been reserved
set 30 18:53:08 nixos kernel: system 00:04: [mem 0xfe03d000-0xfe3fffff] has been reserved
set 30 18:53:08 nixos kernel: system 00:04: [mem 0xfe410000-0xfe7fffff] has been reserved
set 30 18:53:08 nixos kernel: system 00:05: [io  0x1000-0x10fe] has been reserved
set 30 18:53:08 nixos kernel: pnp: PnP ACPI: found 6 devices
set 30 18:53:08 nixos kernel: clocksource: acpi_pm: mask: 0xffffff max_cycles: 0xffffff, max_idle_ns: 2085701024 ns
set 30 18:53:08 nixos kernel: NET: Registered PF_INET protocol family
set 30 18:53:08 nixos kernel: IP idents hash table entries: 262144 (order: 9, 2097152 bytes, linear)
set 30 18:53:08 nixos kernel: tcp_listen_portaddr_hash hash table entries: 32768 (order: 7, 524288 bytes, linear)
set 30 18:53:08 nixos kernel: Table-perturb hash table entries: 65536 (order: 6, 262144 bytes, linear)
set 30 18:53:08 nixos kernel: TCP established hash table entries: 524288 (order: 10, 4194304 bytes, linear)
set 30 18:53:08 nixos kernel: TCP bind hash table entries: 65536 (order: 9, 2097152 bytes, linear)
set 30 18:53:08 nixos kernel: TCP: Hash tables configured (established 524288 bind 65536)
set 30 18:53:08 nixos kernel: MPTCP token hash table entries: 65536 (order: 8, 1572864 bytes, linear)
set 30 18:53:08 nixos kernel: UDP hash table entries: 32768 (order: 8, 1048576 bytes, linear)
set 30 18:53:08 nixos kernel: UDP-Lite hash table entries: 32768 (order: 8, 1048576 bytes, linear)
set 30 18:53:08 nixos kernel: NET: Registered PF_UNIX/PF_LOCAL protocol family
set 30 18:53:08 nixos kernel: NET: Registered PF_XDP protocol family
set 30 18:53:08 nixos kernel: pci 0000:21:00.0: can't claim BAR 6 [mem 0xfff80000-0xffffffff pref]: no compatible bridge window
set 30 18:53:08 nixos kernel: pci 0000:00:1c.4: bridge window [io  0x1000-0x0fff] to [bus 02] add_size 1000
set 30 18:53:08 nixos kernel: pci 0000:00:1c.4: bridge window [mem 0x00100000-0x000fffff 64bit pref] to [bus 02] add_size 200000 add_align 100000
set 30 18:53:08 nixos kernel: pci 0000:00:1c.4: bridge window [mem 0x00100000-0x000fffff] to [bus 02] add_size 200000 add_align 100000
set 30 18:53:08 nixos kernel: pci 0000:00:1c.4: BAR 14: no space for [mem size 0x00200000]
set 30 18:53:08 nixos kernel: pci 0000:00:1c.4: BAR 14: failed to assign [mem size 0x00200000]
set 30 18:53:08 nixos kernel: pci 0000:00:1c.4: BAR 15: assigned [mem 0x380000000000-0x3800001fffff 64bit pref]
set 30 18:53:08 nixos kernel: pci 0000:00:1c.4: BAR 13: no space for [io  size 0x1000]
set 30 18:53:08 nixos kernel: pci 0000:00:1c.4: BAR 13: failed to assign [io  size 0x1000]
set 30 18:53:08 nixos kernel: pci 0000:00:1c.4: BAR 14: no space for [mem size 0x00200000]
set 30 18:53:08 nixos kernel: pci 0000:00:1c.4: BAR 14: failed to assign [mem size 0x00200000]
set 30 18:53:08 nixos kernel: pci 0000:00:1c.4: BAR 15: assigned [mem 0x380000000000-0x3800001fffff 64bit pref]
set 30 18:53:08 nixos kernel: pci 0000:00:1c.4: BAR 13: no space for [io  size 0x1000]
set 30 18:53:08 nixos kernel: pci 0000:00:1c.4: BAR 13: failed to assign [io  size 0x1000]
set 30 18:53:08 nixos kernel: pci 0000:00:1c.0: PCI bridge to [bus 01]
set 30 18:53:08 nixos kernel: pci 0000:00:1c.0:   bridge window [io  0x2000-0x2fff]
set 30 18:53:08 nixos kernel: pci 0000:00:1c.0:   bridge window [mem 0x90100000-0x901fffff]
set 30 18:53:08 nixos kernel: pci 0000:00:1c.4: PCI bridge to [bus 02]
set 30 18:53:08 nixos kernel: pci 0000:00:1c.4:   bridge window [mem 0x380000000000-0x3800001fffff 64bit pref]
set 30 18:53:08 nixos kernel: pci_bus 0000:00: resource 4 [io  0x0000-0x0cf7 window]
set 30 18:53:08 nixos kernel: pci_bus 0000:00: resource 5 [io  0x1000-0x3fff window]
set 30 18:53:08 nixos kernel: pci_bus 0000:00: resource 6 [mem 0x000c4000-0x000c7fff window]
set 30 18:53:08 nixos kernel: pci_bus 0000:00: resource 7 [mem 0xfd000000-0xfe7fffff window]
set 30 18:53:08 nixos kernel: pci_bus 0000:00: resource 8 [mem 0x90000000-0x903fffff window]
set 30 18:53:08 nixos kernel: pci_bus 0000:00: resource 9 [mem 0x380000000000-0x383fffffffff window]
set 30 18:53:08 nixos kernel: pci_bus 0000:01: resource 0 [io  0x2000-0x2fff]
set 30 18:53:08 nixos kernel: pci_bus 0000:01: resource 1 [mem 0x90100000-0x901fffff]
set 30 18:53:08 nixos kernel: pci_bus 0000:02: resource 2 [mem 0x380000000000-0x3800001fffff 64bit pref]
set 30 18:53:08 nixos kernel: pci 0000:14:00.0: PCI bridge to [bus 15]
set 30 18:53:08 nixos kernel: pci_bus 0000:14: resource 4 [io  0x4000-0x7fff window]
set 30 18:53:08 nixos kernel: pci_bus 0000:14: resource 5 [mem 0x90400000-0x907fffff window]
set 30 18:53:08 nixos kernel: pci_bus 0000:14: resource 6 [mem 0x384000000000-0x387fffffffff window]
set 30 18:53:08 nixos kernel: pci 0000:21:00.0: BAR 6: assigned [mem 0x92080000-0x920fffff pref]
set 30 18:53:08 nixos kernel: pci 0000:20:00.0: PCI bridge to [bus 21]
set 30 18:53:08 nixos kernel: pci 0000:20:00.0:   bridge window [io  0x8000-0x8fff]
set 30 18:53:08 nixos kernel: pci 0000:20:00.0:   bridge window [mem 0x91000000-0x920fffff]
set 30 18:53:08 nixos kernel: pci 0000:20:00.0:   bridge window [mem 0x38bfe0000000-0x38bff1ffffff 64bit pref]
set 30 18:53:08 nixos kernel: pci_bus 0000:20: resource 4 [mem 0x000a0000-0x000bffff window]
set 30 18:53:08 nixos kernel: pci_bus 0000:20: resource 5 [io  0x8000-0xbfff window]
set 30 18:53:08 nixos kernel: pci_bus 0000:20: resource 6 [io  0x03b0-0x03bb window]
set 30 18:53:08 nixos kernel: pci_bus 0000:20: resource 7 [io  0x03c0-0x03df window]
set 30 18:53:08 nixos kernel: pci_bus 0000:20: resource 8 [mem 0x90800000-0xb3bfffff window]
set 30 18:53:08 nixos kernel: pci_bus 0000:20: resource 9 [mem 0x388000000000-0x38bfffffffff window]
set 30 18:53:08 nixos kernel: pci_bus 0000:21: resource 0 [io  0x8000-0x8fff]
set 30 18:53:08 nixos kernel: pci_bus 0000:21: resource 1 [mem 0x91000000-0x920fffff]
set 30 18:53:08 nixos kernel: pci_bus 0000:21: resource 2 [mem 0x38bfe0000000-0x38bff1ffffff 64bit pref]
set 30 18:53:08 nixos kernel: pci 0000:2c:00.0: PCI bridge to [bus 2d]
set 30 18:53:08 nixos kernel: pci 0000:2c:02.0: PCI bridge to [bus 2e]
set 30 18:53:08 nixos kernel: pci 0000:2c:02.0:   bridge window [mem 0xb3c00000-0xb3cfffff]
set 30 18:53:08 nixos kernel: pci 0000:2c:03.0: PCI bridge to [bus 2f]
set 30 18:53:08 nixos kernel: pci_bus 0000:2c: resource 4 [io  0xc000-0xffff window]
set 30 18:53:08 nixos kernel: pci_bus 0000:2c: resource 5 [mem 0xb3c00000-0xfbffffff window]
set 30 18:53:08 nixos kernel: pci_bus 0000:2c: resource 6 [mem 0x38c000000000-0x38ffffffffff window]
set 30 18:53:08 nixos kernel: pci_bus 0000:2e: resource 1 [mem 0xb3c00000-0xb3cfffff]
set 30 18:53:08 nixos kernel: pci 0000:14:05.0: disabled boot interrupts on device [8086:2034]
set 30 18:53:08 nixos kernel: pci 0000:20:05.0: disabled boot interrupts on device [8086:2034]
set 30 18:53:08 nixos kernel: pci 0000:21:00.0: CLS mismatch (128 != 32), using 64 bytes
set 30 18:53:08 nixos kernel: pci 0000:21:00.1: extending delay after power-on from D3hot to 20 msec
set 30 18:53:08 nixos kernel: pci 0000:21:00.1: D0 power state depends on 0000:21:00.0
set 30 18:53:08 nixos kernel: pci 0000:2c:05.0: disabled boot interrupts on device [8086:2034]
set 30 18:53:08 nixos kernel: pci 0000:00:1f.1: [8086:a2a0] type 00 class 0x058000
set 30 18:53:08 nixos kernel: pci 0000:00:1f.1: reg 0x10: [mem 0xfd000000-0xfdffffff 64bit]
set 30 18:53:08 nixos kernel: Trying to unpack rootfs image as initramfs...
set 30 18:53:08 nixos kernel: PCI-DMA: Using software bounce buffering for IO (SWIOTLB)
set 30 18:53:08 nixos kernel: software IO TLB: mapped [mem 0x000000005eed8000-0x0000000062ed8000] (64MB)
set 30 18:53:08 nixos kernel: Initialise system trusted keyrings
set 30 18:53:08 nixos kernel: workingset: timestamp_bits=40 max_order=24 bucket_order=0
set 30 18:53:08 nixos kernel: zbud: loaded
set 30 18:53:08 nixos kernel: Key type asymmetric registered
set 30 18:53:08 nixos kernel: Asymmetric key parser 'x509' registered
set 30 18:53:08 nixos kernel: Block layer SCSI generic (bsg) driver version 0.4 loaded (major 251)
set 30 18:53:08 nixos kernel: io scheduler mq-deadline registered
set 30 18:53:08 nixos kernel: io scheduler kyber registered
set 30 18:53:08 nixos kernel: pcieport 0000:14:00.0: PME: Signaling with IRQ 27
set 30 18:53:08 nixos kernel: pcieport 0000:20:00.0: PME: Signaling with IRQ 29
set 30 18:53:08 nixos kernel: pcieport 0000:2c:00.0: PME: Signaling with IRQ 31
set 30 18:53:08 nixos kernel: pcieport 0000:2c:02.0: PME: Signaling with IRQ 32
set 30 18:53:08 nixos kernel: pcieport 0000:2c:03.0: PME: Signaling with IRQ 33
set 30 18:53:08 nixos kernel: Monitor-Mwait will be used to enter C-1 state
set 30 18:53:08 nixos kernel: Monitor-Mwait will be used to enter C-2 state
set 30 18:53:08 nixos kernel: ACPI: \_SB_.SCK0.CP00: Found 2 idle states
set 30 18:53:08 nixos kernel: ERST: Error Record Serialization Table (ERST) support is initialized.
set 30 18:53:08 nixos kernel: pstore: Using crash dump compression: deflate
set 30 18:53:08 nixos kernel: pstore: Registered erst as persistent store backend
set 30 18:53:08 nixos kernel: Serial: 8250/16550 driver, 4 ports, IRQ sharing enabled
set 30 18:53:08 nixos kernel: Linux agpgart interface v0.103
set 30 18:53:08 nixos kernel: ACPI: bus type drm_connector registered
set 30 18:53:08 nixos kernel: usbcore: registered new interface driver usbserial_generic
set 30 18:53:08 nixos kernel: usbserial: USB Serial support registered for generic
set 30 18:53:08 nixos kernel: intel_pstate: Intel P-state driver initializing
set 30 18:53:08 nixos kernel: intel_pstate: HWP enabled
set 30 18:53:08 nixos kernel: [drm] Initialized simpledrm 1.0.0 20200625 for simple-framebuffer.0 on minor 0
set 30 18:53:08 nixos kernel: fbcon: Deferring console take-over
set 30 18:53:08 nixos kernel: simple-framebuffer simple-framebuffer.0: [drm] fb0: simpledrmdrmfb frame buffer device
set 30 18:53:08 nixos kernel: drop_monitor: Initializing network drop monitor service
set 30 18:53:08 nixos kernel: NET: Registered PF_INET6 protocol family
set 30 18:53:08 nixos kernel: Freeing initrd memory: 18724K
set 30 18:53:08 nixos kernel: Segment Routing with IPv6
set 30 18:53:08 nixos kernel: In-situ OAM (IOAM) with IPv6
set 30 18:53:08 nixos kernel: microcode: Microcode Update Driver: v2.2.
set 30 18:53:08 nixos kernel: resctrl: MB allocation detected
set 30 18:53:08 nixos kernel: resctrl: L3 monitoring detected
set 30 18:53:08 nixos kernel: IPI shorthand broadcast: enabled
set 30 18:53:08 nixos kernel: sched_clock: Marking stable (468000808, 702241)->(474535965, -5832916)
set 30 18:53:08 nixos kernel: registered taskstats version 1
set 30 18:53:08 nixos kernel: Loading compiled-in X.509 certificates
set 30 18:53:08 nixos kernel: Key type .fscrypt registered
set 30 18:53:08 nixos kernel: Key type fscrypt-provisioning registered
set 30 18:53:08 nixos kernel: PM:   Magic number: 8:311:895
set 30 18:53:08 nixos kernel: RAS: Correctable Errors collector initialized.
set 30 18:53:08 nixos kernel: clk: Disabling unused clocks
set 30 18:53:08 nixos kernel: Freeing unused decrypted memory: 2028K
set 30 18:53:08 nixos kernel: Freeing unused kernel image (initmem) memory: 3112K
set 30 18:53:08 nixos kernel: Write protecting the kernel read-only data: 28672k
set 30 18:53:08 nixos kernel: Freeing unused kernel image (rodata/data gap) memory: 1440K
set 30 18:53:08 nixos kernel: x86/mm: Checked W+X mappings: passed, no W+X pages found.
set 30 18:53:08 nixos kernel: Run /init as init process
set 30 18:53:08 nixos kernel:   with arguments:
set 30 18:53:08 nixos kernel:     /init
set 30 18:53:08 nixos kernel:   with environment:
set 30 18:53:08 nixos kernel:     HOME=/
set 30 18:53:08 nixos kernel:     TERM=linux
set 30 18:53:08 nixos kernel: fbcon: Taking over console
set 30 18:53:08 nixos kernel: Console: switching to colour frame buffer device 215x45
set 30 18:53:08 nixos stage-1-init: [Mon Sep 30 16:53:06 UTC 2024] loading module dm_mod...
set 30 18:53:08 nixos kernel: device-mapper: ioctl: 4.48.0-ioctl (2023-03-01) initialised: dm-devel@redhat.com
set 30 18:53:08 nixos stage-1-init: [Mon Sep 30 16:53:06 UTC 2024] running udev...
set 30 18:53:08 nixos stage-1-init: [Mon Sep 30 16:53:06 UTC 2024] Starting systemd-udevd version 256.4
set 30 18:53:08 nixos kernel: rtc_cmos 00:00: RTC can wake from S4
set 30 18:53:08 nixos kernel: tpm_tis MSFT0101:00: 2.0 TPM (device-id 0x1B, rev-id 22)
set 30 18:53:08 nixos kernel: rtc_cmos 00:00: registered as rtc0
set 30 18:53:08 nixos kernel: rtc_cmos 00:00: setting system clock to 2024-09-30T16:53:06 UTC (1727715186)
set 30 18:53:08 nixos kernel: rtc_cmos 00:00: alarms up to one month, y3k, 114 bytes nvram
set 30 18:53:08 nixos kernel: i8042: PNP: PS/2 Controller [PNP0303:PS2K,PNP0f03:PS2M] at 0x60,0x64 irq 1,12
set 30 18:53:08 nixos kernel: serio: i8042 KBD port at 0x60,0x64 irq 1
set 30 18:53:08 nixos kernel: serio: i8042 AUX port at 0x60,0x64 irq 12
set 30 18:53:08 nixos kernel: SCSI subsystem initialized
set 30 18:53:08 nixos kernel: xhci_hcd 0000:00:14.0: xHCI Host Controller
set 30 18:53:08 nixos kernel: xhci_hcd 0000:00:14.0: new USB bus registered, assigned bus number 1
set 30 18:53:08 nixos kernel: xhci_hcd 0000:00:14.0: hcc params 0x200077c1 hci version 0x100 quirks 0x0000000000009810
set 30 18:53:08 nixos kernel: xhci_hcd 0000:00:14.0: xHCI Host Controller
set 30 18:53:08 nixos kernel: xhci_hcd 0000:00:14.0: new USB bus registered, assigned bus number 2
set 30 18:53:08 nixos kernel: xhci_hcd 0000:00:14.0: Host supports USB 3.0 SuperSpeed
set 30 18:53:08 nixos kernel: usb usb1: New USB device found, idVendor=1d6b, idProduct=0002, bcdDevice= 6.06
set 30 18:53:08 nixos kernel: usb usb1: New USB device strings: Mfr=3, Product=2, SerialNumber=1
set 30 18:53:08 nixos kernel: usb usb1: Product: xHCI Host Controller
set 30 18:53:08 nixos kernel: usb usb1: Manufacturer: Linux 6.6.52 xhci-hcd
set 30 18:53:08 nixos kernel: usb usb1: SerialNumber: 0000:00:14.0
set 30 18:53:08 nixos kernel: hub 1-0:1.0: USB hub found
set 30 18:53:08 nixos kernel: hub 1-0:1.0: 16 ports detected
set 30 18:53:08 nixos kernel: usb usb2: New USB device found, idVendor=1d6b, idProduct=0003, bcdDevice= 6.06
set 30 18:53:08 nixos kernel: usb usb2: New USB device strings: Mfr=3, Product=2, SerialNumber=1
set 30 18:53:08 nixos kernel: usb usb2: Product: xHCI Host Controller
set 30 18:53:08 nixos kernel: usb usb2: Manufacturer: Linux 6.6.52 xhci-hcd
set 30 18:53:08 nixos kernel: usb usb2: SerialNumber: 0000:00:14.0
set 30 18:53:08 nixos kernel: hub 2-0:1.0: USB hub found
set 30 18:53:08 nixos kernel: hub 2-0:1.0: 10 ports detected
set 30 18:53:08 nixos kernel: libata version 3.00 loaded.
set 30 18:53:08 nixos kernel: nvme nvme0: pci function 0000:2e:00.0
set 30 18:53:08 nixos kernel: ahci 0000:00:17.0: version 3.0
set 30 18:53:08 nixos kernel: ahci 0000:00:17.0: AHCI 0001.0301 32 slots 8 ports 6 Gbps 0xff impl RAID mode
set 30 18:53:08 nixos kernel: ahci 0000:00:17.0: flags: 64bit ncq sntf pm led clo only pio slum part ems deso sadm sds apst 
set 30 18:53:08 nixos kernel: nvme nvme0: Shutdown timeout set to 10 seconds
set 30 18:53:08 nixos kernel: nvme nvme0: 8/0/0 default/read/poll queues
set 30 18:53:08 nixos kernel:  nvme0n1: p1 p2 p3 p4 p5 p6
set 30 18:53:08 nixos kernel: scsi host0: ahci
set 30 18:53:08 nixos kernel: scsi host1: ahci
set 30 18:53:08 nixos kernel: scsi host2: ahci
set 30 18:53:08 nixos kernel: scsi host3: ahci
set 30 18:53:08 nixos kernel: scsi host4: ahci
set 30 18:53:08 nixos kernel: scsi host5: ahci
set 30 18:53:08 nixos kernel: scsi host6: ahci
set 30 18:53:08 nixos kernel: scsi host7: ahci
set 30 18:53:08 nixos kernel: ata1: SATA max UDMA/133 abar m2048@0x90226000 port 0x90226100 irq 37
set 30 18:53:08 nixos kernel: ata2: SATA max UDMA/133 abar m2048@0x90226000 port 0x90226180 irq 37
set 30 18:53:08 nixos kernel: ata3: SATA max UDMA/133 abar m2048@0x90226000 port 0x90226200 irq 37
set 30 18:53:08 nixos kernel: ata4: SATA max UDMA/133 abar m2048@0x90226000 port 0x90226280 irq 37
set 30 18:53:08 nixos kernel: ata5: SATA max UDMA/133 abar m2048@0x90226000 port 0x90226300 irq 37
set 30 18:53:08 nixos kernel: ata6: SATA max UDMA/133 abar m2048@0x90226000 port 0x90226380 irq 37
set 30 18:53:08 nixos kernel: ata7: SATA max UDMA/133 abar m2048@0x90226000 port 0x90226400 irq 37
set 30 18:53:08 nixos kernel: ata8: SATA max UDMA/133 abar m2048@0x90226000 port 0x90226480 irq 37
set 30 18:53:08 nixos kernel: usb 1-2: new high-speed USB device number 2 using xhci_hcd
set 30 18:53:08 nixos kernel: ata4: SATA link down (SStatus 0 SControl 300)
set 30 18:53:08 nixos kernel: ata3: SATA link down (SStatus 0 SControl 300)
set 30 18:53:08 nixos kernel: ata8: SATA link down (SStatus 0 SControl 300)
set 30 18:53:08 nixos kernel: ata1: SATA link up 6.0 Gbps (SStatus 133 SControl 300)
set 30 18:53:08 nixos kernel: ata2: SATA link down (SStatus 0 SControl 300)
set 30 18:53:08 nixos kernel: ata5: SATA link down (SStatus 0 SControl 300)
set 30 18:53:08 nixos kernel: ata7: SATA link down (SStatus 0 SControl 300)
set 30 18:53:08 nixos kernel: ata6: SATA link down (SStatus 0 SControl 300)
set 30 18:53:08 nixos kernel: ata1.00: ATA-10: ST500DM002-1SB10A, HPH5, max UDMA/100
set 30 18:53:08 nixos kernel: ata1.00: 976773168 sectors, multi 0: LBA48 NCQ (depth 32), AA
set 30 18:53:08 nixos kernel: usb 1-2: New USB device found, idVendor=0411, idProduct=01d9, bcdDevice= 1.08
set 30 18:53:08 nixos kernel: usb 1-2: New USB device strings: Mfr=1, Product=2, SerialNumber=3
set 30 18:53:08 nixos kernel: usb 1-2: Product: HD-PCTU2
set 30 18:53:08 nixos kernel: usb 1-2: Manufacturer: BUFFALO
set 30 18:53:08 nixos kernel: usb 1-2: SerialNumber: 303042323731303032343536
set 30 18:53:08 nixos kernel: ata1.00: configured for UDMA/100
set 30 18:53:08 nixos kernel: scsi 0:0:0:0: Direct-Access     ATA      ST500DM002-1SB10 HPH5 PQ: 0 ANSI: 5
set 30 18:53:08 nixos kernel: usb-storage 1-2:1.0: USB Mass Storage device detected
set 30 18:53:08 nixos kernel: scsi host8: usb-storage 1-2:1.0
set 30 18:53:08 nixos kernel: usbcore: registered new interface driver usb-storage
set 30 18:53:08 nixos kernel: sd 0:0:0:0: [sda] 976773168 512-byte logical blocks: (500 GB/466 GiB)
set 30 18:53:08 nixos kernel: sd 0:0:0:0: [sda] 4096-byte physical blocks
set 30 18:53:08 nixos kernel: sd 0:0:0:0: [sda] Write Protect is off
set 30 18:53:08 nixos kernel: sd 0:0:0:0: [sda] Mode Sense: 00 3a 00 00
set 30 18:53:08 nixos kernel: sd 0:0:0:0: [sda] Write cache: enabled, read cache: enabled, doesn't support DPO or FUA
set 30 18:53:08 nixos kernel: sd 0:0:0:0: [sda] Preferred minimum I/O size 4096 bytes
set 30 18:53:08 nixos kernel:  sda: sda1 sda2 sda3
set 30 18:53:08 nixos kernel: sd 0:0:0:0: [sda] Attached SCSI disk
set 30 18:53:08 nixos kernel: usb 2-8: new SuperSpeed USB device number 2 using xhci_hcd
set 30 18:53:08 nixos kernel: usb 2-8: New USB device found, idVendor=0bda, idProduct=0411, bcdDevice= 1.01
set 30 18:53:08 nixos kernel: usb 2-8: New USB device strings: Mfr=1, Product=2, SerialNumber=0
set 30 18:53:08 nixos kernel: usb 2-8: Product: 4-Port USB 3.1 Hub
set 30 18:53:08 nixos kernel: usb 2-8: Manufacturer: Generic
set 30 18:53:08 nixos kernel: hub 2-8:1.0: USB hub found
set 30 18:53:08 nixos kernel: hub 2-8:1.0: 4 ports detected
set 30 18:53:08 nixos kernel: usb 1-4: new high-speed USB device number 3 using xhci_hcd
set 30 18:53:08 nixos kernel: tsc: Refined TSC clocksource calibration: 4103.985 MHz
set 30 18:53:08 nixos kernel: clocksource: tsc: mask: 0xffffffffffffffff max_cycles: 0x3b2812f3878, max_idle_ns: 440795291626 ns
set 30 18:53:08 nixos kernel: clocksource: Switched to clocksource tsc
set 30 18:53:08 nixos stage-1-init: [Mon Sep 30 16:53:07 UTC 2024] starting device mapper and LVM...
set 30 18:53:08 nixos stage-1-init: [Mon Sep 30 16:53:07 UTC 2024] File descriptor 8 (/dev/console) leaked on lvm invocation. Parent PID 1: /nix/store/zpaxpfgxaln2g8rhwq8fcibvhcssjgdf-extra-utils/bin/ash
set 30 18:53:08 nixos stage-1-init: [Mon Sep 30 16:53:07 UTC 2024] File descriptor 9 (/dev/console) leaked on lvm invocation. Parent PID 1: /nix/store/zpaxpfgxaln2g8rhwq8fcibvhcssjgdf-extra-utils/bin/ash
set 30 18:53:08 nixos kernel: usb 1-4: New USB device found, idVendor=0bda, idProduct=9210, bcdDevice=20.01
set 30 18:53:08 nixos kernel: usb 1-4: New USB device strings: Mfr=1, Product=2, SerialNumber=3
set 30 18:53:08 nixos kernel: usb 1-4: Product: MD202
set 30 18:53:08 nixos kernel: usb 1-4: Manufacturer: HIKVISION
set 30 18:53:08 nixos kernel: usb 1-4: SerialNumber: 012938000948
set 30 18:53:08 nixos kernel: usb-storage 1-4:1.0: USB Mass Storage device detected
set 30 18:53:08 nixos kernel: scsi host9: usb-storage 1-4:1.0
set 30 18:53:08 nixos stage-1-init: [Mon Sep 30 16:53:07 UTC 2024] checking /dev/disk/by-uuid/ebda536c-778f-4caf-8807-c0cccfb5e88f...
set 30 18:53:08 nixos stage-1-init: [Mon Sep 30 16:53:07 UTC 2024] fsck (busybox 1.36.1)
set 30 18:53:08 nixos stage-1-init: [Mon Sep 30 16:53:07 UTC 2024] [fsck.ext4 (1) -- /mnt-root/] fsck.ext4 -a /dev/disk/by-uuid/ebda536c-778f-4caf-8807-c0cccfb5e88f
set 30 18:53:08 nixos stage-1-init: [Mon Sep 30 16:53:07 UTC 2024] /dev/disk/by-uuid/ebda536c-778f-4caf-8807-c0cccfb5e88f: clean, 4711293/9093120 files, 21247346/36352256 blocks
set 30 18:53:08 nixos stage-1-init: [Mon Sep 30 16:53:07 UTC 2024] mounting /dev/disk/by-uuid/ebda536c-778f-4caf-8807-c0cccfb5e88f on /...
set 30 18:53:08 nixos kernel: EXT4-fs (nvme0n1p5): mounted filesystem ebda536c-778f-4caf-8807-c0cccfb5e88f r/w with ordered data mode. Quota mode: none.
set 30 18:53:08 nixos kernel: usb 1-6: new high-speed USB device number 4 using xhci_hcd
set 30 18:53:08 nixos kernel: EXT4-fs (nvme0n1p5): re-mounted ebda536c-778f-4caf-8807-c0cccfb5e88f r/w. Quota mode: none.
set 30 18:53:08 nixos kernel: usb 1-6: New USB device found, idVendor=0bda, idProduct=5411, bcdDevice= 1.01
set 30 18:53:08 nixos kernel: usb 1-6: New USB device strings: Mfr=1, Product=2, SerialNumber=0
set 30 18:53:08 nixos kernel: usb 1-6: Product: 4-Port USB 2.1 Hub
set 30 18:53:08 nixos kernel: usb 1-6: Manufacturer: Generic
set 30 18:53:08 nixos kernel: hub 1-6:1.0: USB hub found
set 30 18:53:08 nixos kernel: hub 1-6:1.0: 4 ports detected
set 30 18:53:08 nixos kernel: usb 1-8: new full-speed USB device number 5 using xhci_hcd
set 30 18:53:08 nixos kernel: EXT4-fs (nvme0n1p5): re-mounted ebda536c-778f-4caf-8807-c0cccfb5e88f r/w. Quota mode: none.
set 30 18:53:08 nixos unknown: booting system configuration /nix/store/fcwzd05zibwcbvd7npaka6cg6wddkjnv-nixos-system-nixos-24.11.20240926.1925c60
set 30 18:53:08 nixos stage-2-init: running activation script...
set 30 18:53:08 nixos kernel: usb 1-8: New USB device found, idVendor=046d, idProduct=c091, bcdDevice=23.01
set 30 18:53:08 nixos kernel: usb 1-8: New USB device strings: Mfr=1, Product=2, SerialNumber=3
set 30 18:53:08 nixos kernel: usb 1-8: Product: G903 LIGHTSPEED Wireless Gaming Mouse w/ HERO
set 30 18:53:08 nixos kernel: usb 1-8: Manufacturer: Logitech
set 30 18:53:08 nixos kernel: usb 1-8: SerialNumber: 7F749BCE
set 30 18:53:08 nixos stage-2-init: setting up /etc...
set 30 18:53:08 nixos kernel: usb 1-6.1: new high-speed USB device number 6 using xhci_hcd
set 30 18:53:08 nixos stage-2-init: removing obsolete symlink /etc/samba/smb.conf...
set 30 18:53:08 nixos kernel: scsi 8:0:0:0: Direct-Access     BUFFALO  HD-PCTU2         0108 PQ: 0 ANSI: 4
set 30 18:53:08 nixos kernel: sd 8:0:0:0: [sdb] 1953525167 512-byte logical blocks: (1.00 TB/932 GiB)
set 30 18:53:08 nixos kernel: sd 8:0:0:0: [sdb] Write Protect is off
set 30 18:53:08 nixos kernel: sd 8:0:0:0: [sdb] Mode Sense: 1c 00 00 00
set 30 18:53:08 nixos kernel: sd 8:0:0:0: [sdb] Write cache: enabled, read cache: enabled, doesn't support DPO or FUA
set 30 18:53:08 nixos kernel:  sdb: sdb1
set 30 18:53:08 nixos kernel: sd 8:0:0:0: [sdb] Attached SCSI disk
set 30 18:53:08 nixos kernel: usb 1-6.1: New USB device found, idVendor=0d49, idProduct=7450, bcdDevice= 1.22
set 30 18:53:08 nixos kernel: usb 1-6.1: New USB device strings: Mfr=1, Product=2, SerialNumber=3
set 30 18:53:08 nixos kernel: usb 1-6.1: Product: Basics Portable 
set 30 18:53:08 nixos kernel: usb 1-6.1: Manufacturer: Maxtor  
set 30 18:53:08 nixos kernel: usb 1-6.1: SerialNumber: 2HB24XDE    
set 30 18:53:08 nixos kernel: usb-storage 1-6.1:1.0: USB Mass Storage device detected
set 30 18:53:08 nixos kernel: scsi host10: usb-storage 1-6.1:1.0
set 30 18:53:08 nixos systemd[1]: Inserted module 'autofs4'
set 30 18:53:08 nixos systemd[1]: systemd 256.4 running in system mode (+PAM +AUDIT -SELINUX +APPARMOR +IMA +SMACK +SECCOMP +GCRYPT -GNUTLS +OPENSSL +ACL +BLKID +CURL +ELFUTILS +FIDO2 +IDN2 -IDN +IPTC +KMOD +LIBCRYPTSETUP +LIBCRYPTSETUP_PLUGINS +LIBFDISK +PCRE2 +PWQUALITY +P11KIT +QRENCODE +TPM2 +BZIP2 +LZ4 +XZ +ZLIB +ZSTD +BPF_FRAMEWORK -XKBCOMMON +UTMP -SYSVINIT +LIBARCHIVE)
set 30 18:53:08 nixos systemd[1]: Detected architecture x86-64.
set 30 18:53:08 nixos systemd[1]: Hostname set to <nixos>.
set 30 18:53:08 nixos kernel: usb 1-11: new low-speed USB device number 7 using xhci_hcd
set 30 18:53:08 nixos kernel: systemd[1]: memfd_create() called without MFD_EXEC or MFD_NOEXEC_SEAL set
set 30 18:53:08 nixos kernel: usb 1-11: New USB device found, idVendor=046d, idProduct=c31c, bcdDevice=49.20
set 30 18:53:08 nixos kernel: usb 1-11: New USB device strings: Mfr=1, Product=2, SerialNumber=0
set 30 18:53:08 nixos kernel: usb 1-11: Product: USB Keyboard
set 30 18:53:08 nixos kernel: usb 1-11: Manufacturer: Logitech
set 30 18:53:08 nixos kernel: usb 1-13: new high-speed USB device number 8 using xhci_hcd
set 30 18:53:08 nixos systemd[1]: bpf-restrict-fs: LSM BPF program attached
set 30 18:53:08 nixos systemd[1]: /etc/systemd/system/cups.socket:5: ListenStream= references a path below legacy directory /var/run/, updating /var/run/cups/cups.sock  /run/cups/cups.sock; please update the unit file accordingly.
set 30 18:53:08 nixos systemd[1]: Queued start job for default target Graphical Interface.
set 30 18:53:08 nixos systemd[1]: Created slice Slice /system/getty.
set 30 18:53:08 nixos systemd[1]: Created slice Slice /system/modprobe.
set 30 18:53:08 nixos systemd[1]: Created slice Slice /system/systemd-fsck.
set 30 18:53:08 nixos systemd[1]: Created slice User and Session Slice.
set 30 18:53:08 nixos systemd[1]: Started Dispatch Password Requests to Console Directory Watch.
set 30 18:53:08 nixos systemd[1]: Started Forward Password Requests to Wall Directory Watch.
set 30 18:53:08 nixos systemd[1]: Expecting device /dev/disk/by-uuid/907294bd-7e64-424a-b335-41b5e58df1db...
set 30 18:53:08 nixos systemd[1]: Expecting device /dev/disk/by-uuid/915C-B2CA...
set 30 18:53:08 nixos systemd[1]: Expecting device /dev/disk/by-uuid/e56a74cc-c208-492f-8953-6f40f0f4fe1d...
set 30 18:53:08 nixos systemd[1]: Reached target Local Encrypted Volumes.
set 30 18:53:08 nixos systemd[1]: Reached target Containers.
set 30 18:53:08 nixos systemd[1]: Reached target Path Units.
set 30 18:53:08 nixos systemd[1]: Reached target Remote File Systems.
set 30 18:53:08 nixos systemd[1]: Reached target Slice Units.
set 30 18:53:08 nixos systemd[1]: Reached target Swaps.
set 30 18:53:08 nixos systemd[1]: Listening on Process Core Dump Socket.
set 30 18:53:08 nixos systemd[1]: Listening on Credential Encryption/Decryption.
set 30 18:53:08 nixos systemd[1]: Listening on Journal Socket (/dev/log).
set 30 18:53:08 nixos systemd[1]: Listening on Journal Sockets.
set 30 18:53:08 nixos systemd[1]: Listening on Userspace Out-Of-Memory (OOM) Killer Socket.
set 30 18:53:08 nixos systemd[1]: Make TPM PCR Policy was skipped because of an unmet condition check (ConditionSecurity=measured-uki).
set 30 18:53:08 nixos systemd[1]: Listening on udev Control Socket.
set 30 18:53:08 nixos systemd[1]: Listening on udev Kernel Socket.
set 30 18:53:08 nixos systemd[1]: Mounting Huge Pages File System...
set 30 18:53:08 nixos systemd[1]: Mounting POSIX Message Queue File System...
set 30 18:53:08 nixos systemd[1]: Mounting Kernel Debug File System...
set 30 18:53:08 nixos systemd[1]: Starting Create List of Static Device Nodes...
set 30 18:53:08 nixos systemd[1]: Starting Load Kernel Module configfs...
set 30 18:53:08 nixos systemd[1]: Starting Load Kernel Module drm...
set 30 18:53:08 nixos systemd[1]: Starting Load Kernel Module efi_pstore...
set 30 18:53:08 nixos systemd[1]: Starting Load Kernel Module fuse...
set 30 18:53:08 nixos systemd[1]: Starting mount-pstore.service...
set 30 18:53:08 nixos systemd[1]: File System Check on Root Device was skipped because of an unmet condition check (ConditionPathIsReadWrite=!/).
set 30 18:53:08 nixos systemd[1]: Clear Stale Hibernate Storage Info was skipped because of an unmet condition check (ConditionPathExists=/sys/firmware/efi/efivars/HibernateLocation-8cf2644b-4b0b-428f-9387-6d876050dc67).
set 30 18:53:08 nixos systemd[1]: Starting Journal Service...
set 30 18:53:08 nixos kernel: pstore: backend 'erst' already in use: ignoring 'efi_pstore'
set 30 18:53:08 nixos systemd[1]: Starting Load Kernel Modules...
set 30 18:53:08 nixos systemd[1]: Starting Remount Root and Kernel File Systems...
set 30 18:53:08 nixos systemd[1]: Early TPM SRK Setup was skipped because of an unmet condition check (ConditionSecurity=measured-uki).
set 30 18:53:08 nixos systemd[1]: Starting Coldplug All udev Devices...
set 30 18:53:08 nixos kernel: fuse: init (API version 7.39)
set 30 18:53:08 nixos systemd[1]: Mounted Huge Pages File System.
set 30 18:53:08 nixos systemd[1]: Mounted POSIX Message Queue File System.
set 30 18:53:08 nixos systemd[1]: Mounted Kernel Debug File System.
set 30 18:53:08 nixos systemd-journald[492]: Collecting audit messages is disabled.
set 30 18:53:08 nixos systemd[1]: Finished Create List of Static Device Nodes.
set 30 18:53:08 nixos systemd[1]: modprobe@configfs.service: Deactivated successfully.
set 30 18:53:08 nixos kernel: EXT4-fs (nvme0n1p5): re-mounted ebda536c-778f-4caf-8807-c0cccfb5e88f r/w. Quota mode: none.
set 30 18:53:08 nixos systemd-journald[492]: Journal started
set 30 18:53:08 nixos systemd-journald[492]: Runtime Journal (/run/log/journal/73cfb324032f43a391207f781a499a41) is 8M, max 1.5G, 1.5G free.
set 30 18:53:08 nixos systemd[1]: Finished Load Kernel Module configfs.
set 30 18:53:08 nixos systemd[1]: Started Journal Service.
set 30 18:53:08 nixos systemd[1]: modprobe@drm.service: Deactivated successfully.
set 30 18:53:08 nixos systemd[1]: Finished Load Kernel Module drm.
set 30 18:53:08 nixos systemd[1]: modprobe@efi_pstore.service: Deactivated successfully.
set 30 18:53:08 nixos systemd-modules-load[493]: Inserted module 'kvm_intel'
set 30 18:53:08 nixos systemd[1]: Finished Load Kernel Module efi_pstore.
set 30 18:53:08 nixos systemd[1]: modprobe@fuse.service: Deactivated successfully.
set 30 18:53:08 nixos systemd-modules-load[493]: Inserted module 'bridge'
set 30 18:53:08 nixos kernel: bridge: filtering via arp/ip/ip6tables is no longer available by default. Update your scripts to load br_netfilter if you need this.
set 30 18:53:08 nixos systemd-modules-load[493]: Inserted module 'macvlan'
set 30 18:53:08 nixos systemd-modules-load[493]: Inserted module 'tap'
set 30 18:53:08 nixos systemd-modules-load[493]: Inserted module 'tun'
set 30 18:53:08 nixos kernel: tun: Universal TUN/TAP device driver, 1.6
set 30 18:53:08 nixos systemd-modules-load[493]: Inserted module 'veth'
set 30 18:53:08 nixos systemd[1]: Finished Load Kernel Module fuse.
set 30 18:53:08 nixos systemd-modules-load[493]: Inserted module 'br_netfilter'
set 30 18:53:08 nixos kernel: Bridge firewalling registered
set 30 18:53:08 nixos systemd[1]: Finished Remount Root and Kernel File Systems.
set 30 18:53:08 nixos systemd-modules-load[493]: Inserted module 'xt_nat'
set 30 18:53:08 nixos systemd-modules-load[493]: Inserted module 'loop'
set 30 18:53:08 nixos kernel: loop: module loaded
set 30 18:53:08 nixos systemd-modules-load[493]: Module 'ctr' is built in
set 30 18:53:08 nixos systemd[1]: Finished Coldplug All udev Devices.
set 30 18:53:08 nixos kernel: usb 1-13: New USB device found, idVendor=046d, idProduct=0825, bcdDevice= 1.00
set 30 18:53:08 nixos kernel: usb 1-13: New USB device strings: Mfr=2, Product=1, SerialNumber=0
set 30 18:53:08 nixos kernel: usb 1-13: Product: C270 HD Webcam
set 30 18:53:08 nixos kernel: usb 1-13: Manufacturer: C270 HD Webcam
set 30 18:53:08 nixos systemd[1]: Finished mount-pstore.service.
set 30 18:53:08 nixos systemd[1]: Mounting FUSE Control File System...
set 30 18:53:08 nixos systemd[1]: Mounting Kernel Configuration File System...
set 30 18:53:08 nixos systemd[1]: Starting Flush Journal to Persistent Storage...
set 30 18:53:08 nixos systemd[1]: Platform Persistent Storage Archival was skipped because of an unmet condition check (ConditionDirectoryNotEmpty=/sys/fs/pstore).
set 30 18:53:08 nixos systemd[1]: Starting Load/Save OS Random Seed...
set 30 18:53:08 nixos systemd[1]: Starting Create Static Device Nodes in /dev gracefully...
set 30 18:53:08 nixos systemd[1]: TPM SRK Setup was skipped because of an unmet condition check (ConditionSecurity=measured-uki).
set 30 18:53:08 nixos systemd[1]: Mounted Kernel Configuration File System.
set 30 18:53:08 nixos systemd[1]: Mounted FUSE Control File System.
set 30 18:53:08 nixos systemd-journald[492]: Time spent on flushing to /var/log/journal/73cfb324032f43a391207f781a499a41 is 14.946ms for 1087 entries.
set 30 18:53:08 nixos systemd-journald[492]: System Journal (/var/log/journal/73cfb324032f43a391207f781a499a41) is 759.6M, max 4G, 3.2G free.
set 30 18:53:08 nixos systemd-journald[492]: Received client request to flush runtime journal.
set 30 18:53:08 nixos kernel: nvidia: loading out-of-tree module taints kernel.
set 30 18:53:08 nixos kernel: nvidia: module license 'NVIDIA' taints kernel.
set 30 18:53:08 nixos kernel: Disabling lock debugging due to kernel taint
set 30 18:53:08 nixos kernel: nvidia: module license taints kernel.
set 30 18:53:08 nixos systemd[1]: Finished Create Static Device Nodes in /dev gracefully.
set 30 18:53:08 nixos systemd[1]: Starting Create Static Device Nodes in /dev...
set 30 18:53:08 nixos systemd[1]: Finished Load/Save OS Random Seed.
set 30 18:53:08 nixos systemd[1]: Finished Create Static Device Nodes in /dev.
set 30 18:53:08 nixos systemd[1]: Reached target Preparation for Local File Systems.
set 30 18:53:08 nixos systemd[1]: Starting Rule-based Manager for Device Events and Files...
set 30 18:53:08 nixos systemd[1]: Finished Flush Journal to Persistent Storage.
set 30 18:53:08 nixos systemd-udevd[530]: Using default interface naming scheme 'v255'.
set 30 18:53:08 nixos systemd[1]: Started Rule-based Manager for Device Events and Files.
set 30 18:53:08 nixos systemd[1]: Condition check resulted in /dev/tpmrm0 being skipped.
set 30 18:53:08 nixos systemd[1]: Reached target Trusted Platform Module.
set 30 18:53:08 nixos mtp-probe[569]: checking bus 1, device 2: "/sys/devices/pci0000:00/0000:00:14.0/usb1/1-2"
set 30 18:53:08 nixos mtp-probe[569]: bus: 1, device: 2 was not an MTP device
set 30 18:53:08 nixos systemd[1]: Found device SAMSUNG MZVL2256HCHQ-00BH1 6.
set 30 18:53:08 nixos mtp-probe[573]: checking bus 1, device 7: "/sys/devices/pci0000:00/0000:00:14.0/usb1/1-11"
set 30 18:53:08 nixos mtp-probe[573]: bus: 1, device: 7 was not an MTP device
set 30 18:53:08 nixos mtp-probe[575]: checking bus 1, device 6: "/sys/devices/pci0000:00/0000:00:14.0/usb1/1-6/1-6.1"
set 30 18:53:08 nixos mtp-probe[575]: bus: 1, device: 6 was not an MTP device
set 30 18:53:08 nixos mtp-probe[572]: checking bus 1, device 3: "/sys/devices/pci0000:00/0000:00:14.0/usb1/1-4"
set 30 18:53:08 nixos mtp-probe[572]: bus: 1, device: 3 was not an MTP device
set 30 18:53:08 nixos mtp-probe[574]: checking bus 1, device 5: "/sys/devices/pci0000:00/0000:00:14.0/usb1/1-8"
set 30 18:53:08 nixos kernel: scsi 10:0:0:0: Direct-Access     Maxtor   Basics Portable  0122 PQ: 0 ANSI: 4
set 30 18:53:08 nixos systemd[1]: Starting File System Check on /dev/disk/by-uuid/915C-B2CA...
set 30 18:53:08 nixos kernel: input: Power Button as /devices/LNXSYSTM:00/LNXSYBUS:00/PNP0C0C:00/input/input2
set 30 18:53:08 nixos kernel: ACPI: button: Power Button [PWRB]
set 30 18:53:08 nixos kernel: input: Power Button as /devices/LNXSYSTM:00/LNXPWRBN:00/input/input3
set 30 18:53:08 nixos kernel: usbcore: registered new interface driver uas
set 30 18:53:08 nixos kernel: sd 10:0:0:0: [sdc] 976773168 512-byte logical blocks: (500 GB/466 GiB)
set 30 18:53:08 nixos kernel: ACPI: button: Power Button [PWRF]
set 30 18:53:08 nixos kernel: sd 10:0:0:0: [sdc] Write Protect is off
set 30 18:53:08 nixos kernel: sd 10:0:0:0: [sdc] Mode Sense: 2d 08 00 00
set 30 18:53:08 nixos kernel: wmi_bus wmi_bus-PNP0C14:01: [Firmware Info]: DF4E63B6-3BBC-4858-9737-C74F82F821F3 has zero instances
set 30 18:53:08 nixos kernel: wmi_bus wmi_bus-PNP0C14:01: [Firmware Info]: 8F1F6436-9F42-42C8-BADC-0E9424F20C9A has zero instances
set 30 18:53:08 nixos kernel: dca service started, version 1.12.1
set 30 18:53:08 nixos kernel: sd 10:0:0:0: [sdc] No Caching mode page found
set 30 18:53:08 nixos kernel: sd 10:0:0:0: [sdc] Assuming drive cache: write through
set 30 18:53:08 nixos kernel: hid: raw HID events driver (C) Jiri Kosina
set 30 18:53:08 nixos kernel: nvidia-nvlink: Nvlink Core is being initialized, major device number 241
set 30 18:53:08 nixos kernel: 
set 30 18:53:08 nixos kernel: nvidia 0000:21:00.0: vgaarb: VGA decodes changed: olddecodes=io+mem,decodes=none:owns=none
set 30 18:53:09 nixos kernel:  sdc: sdc1
set 30 18:53:09 nixos kernel: sd 10:0:0:0: [sdc] Attached SCSI disk
set 30 18:53:09 nixos kernel: ioatdma: Intel(R) QuickData Technology Driver 5.00
set 30 18:53:09 nixos kernel: ioatdma 0000:00:04.0: enabling device (0004 -> 0006)
set 30 18:53:08 nixos mtp-probe[574]: bus: 1, device: 5 was not an MTP device
set 30 18:53:09 nixos kernel: pps_core: LinuxPPS API ver. 1 registered
set 30 18:53:09 nixos kernel: pps_core: Software ver. 5.3.6 - Copyright 2005-2007 Rodolfo Giometti <giometti@linux.it>
set 30 18:53:09 nixos kernel: acpi PNP0C14:04: duplicate WMI GUID 2B814318-4BE8-4707-9D84-A190A859B5D0 (first instance was on PNP0C14:01)
set 30 18:53:09 nixos kernel: acpi PNP0C14:04: duplicate WMI GUID 41227C2D-80E1-423F-8B8E-87E32755A0EB (first instance was on PNP0C14:01)
set 30 18:53:09 nixos kernel: ioatdma 0000:00:04.1: enabling device (0004 -> 0006)
set 30 18:53:09 nixos kernel: usbcore: registered new interface driver usbhid
set 30 18:53:09 nixos kernel: usbhid: USB HID core driver
set 30 18:53:09 nixos kernel: ioatdma 0000:00:04.2: enabling device (0004 -> 0006)
set 30 18:53:09 nixos systemd-fsck[583]: fsck.fat 4.2 (2021-01-31)
set 30 18:53:09 nixos systemd-fsck[583]: /dev/nvme0n1p6: 101 files, 38764/255496 clusters
